<html>
<body>
<pre>
<h1>µVision Build Log</h1>
<h2>Project:</h2>
C:\Users\santi\Git\Scripteado-nivel-bajo\CODIGO VIEJO\Eurobot-2020-Backup\Eurobot-2020-Backup.uvproj
Project File Date:  01/28/2020

<h2>Output:</h2>
Rebuild target 'Simulator'
assembling startup_LPC17xx.s...
compiling system_LPC17xx.c...
compiling main.c...
main.c(71): warning:  #940-D: missing return statement at end of non-void function "CMD_Inicial"
  }
main.c(76): warning:  #940-D: missing return statement at end of non-void function "CMD_Parado"
  }
main.c(103): warning:  #940-D: missing return statement at end of non-void function "CMD_Recta"
  }
main.c(107): warning:  #940-D: missing return statement at end of non-void function "CMD_Giro"
  }
main.c(111): warning:  #940-D: missing return statement at end of non-void function "CMD_Curva"
  }
main.c(115): warning:  #940-D: missing return statement at end of non-void function "CMD_Freno"
  }
main.c(141): warning:  #940-D: missing return statement at end of non-void function "Maquina_Estados"
  }
main.c(151): warning:  #940-D: missing return statement at end of non-void function "Seleccion_Lado"
  }
main.c: 8 warnings, 0 errors
compiling Eurouart.c...
compiling GLCD.c...
compiling AsciiLib.c...
linking...
Program Size: Code=2760 RO-data=236 RW-data=68 ZI-data=700  
".\Eurobot-2020-Backup.axf" - 0 Error(s), 8 Warning(s).
</pre>
</body>
</html>
m Size: Code=2564 RO-data=312 RW-data=68 ZI-data=700  
".\Eurobot-2020-Backup.axf" - 0 Error(s), 8 Warning(s).
 8 Warning(s).
Target not created
ckup.axf" - 1 Error(s), 8 Warning(s).
Target not created
³n
main.c: 8 warnings, 2 errors
compiling Eurouart.c...
compiling GLCD.c...
compiling AsciiLib.c...
".\Eurobot-2020-Backup.axf" - 2 Error(s), 8 Warning(s).
Target not created
arning(s).
Target not created
.
compiling AsciiLib.c...
".\Eurobot-2020-Backup.axf" - 4 Error(s), 8 Warning(s).
Target not created
