ARM Linker, 5.03 [Build 76] [MDK-ARM Lite]

==============================================================================

Section Cross References

    startup_lpc17xx.o(STACK) refers (Special) to heapauxi.o(.text) for __use_two_region_memory
    startup_lpc17xx.o(HEAP) refers (Special) to heapauxi.o(.text) for __use_two_region_memory
    startup_lpc17xx.o(RESET) refers (Special) to heapauxi.o(.text) for __use_two_region_memory
    startup_lpc17xx.o(RESET) refers to startup_lpc17xx.o(STACK) for __initial_sp
    startup_lpc17xx.o(RESET) refers to startup_lpc17xx.o(.text) for Reset_Handler
    startup_lpc17xx.o(RESET) refers to main.o(.text) for TIMER1_IRQHandler
    startup_lpc17xx.o(RESET) refers to uart.o(.text) for UART0_IRQHandler
    startup_lpc17xx.o(.ARM.__at_0x02FC) refers (Special) to heapauxi.o(.text) for __use_two_region_memory
    startup_lpc17xx.o(.text) refers (Special) to heapauxi.o(.text) for __use_two_region_memory
    startup_lpc17xx.o(.text) refers to system_lpc17xx.o(.text) for SystemInit
    startup_lpc17xx.o(.text) refers to __main.o(!!!main) for __main
    startup_lpc17xx.o(.text) refers to startup_lpc17xx.o(HEAP) for Heap_Mem
    startup_lpc17xx.o(.text) refers to startup_lpc17xx.o(STACK) for Stack_Mem
    system_lpc17xx.o(.text) refers to lludivv7m.o(.text) for __aeabi_uldivmod
    system_lpc17xx.o(.text) refers to system_lpc17xx.o(.data) for SystemCoreClock
    main.o(.text) refers to dflt_clz.o(x$fpl$dflt) for __aeabi_i2d
    main.o(.text) refers to dmul.o(x$fpl$dmul) for __aeabi_dmul
    main.o(.text) refers to ddiv.o(x$fpl$ddiv) for __aeabi_ddiv
    main.o(.text) refers to daddsub_clz.o(x$fpl$dadd) for __aeabi_dadd
    main.o(.text) refers to d2f.o(x$fpl$d2f) for __aeabi_d2f
    main.o(.text) refers to daddsub_clz.o(x$fpl$dsub) for __aeabi_dsub
    main.o(.text) refers to f2d.o(x$fpl$f2d) for __aeabi_f2d
    main.o(.text) refers to cosf.o(i.cosf) for cosf
    main.o(.text) refers to fmul.o(x$fpl$fmul) for __aeabi_fmul
    main.o(.text) refers to sinf.o(i.sinf) for sinf
    main.o(.text) refers to faddsub_clz.o(x$fpl$fadd) for __aeabi_fadd
    main.o(.text) refers to faddsub_clz.o(x$fpl$fsub) for __aeabi_fsub
    main.o(.text) refers to frleqf.o(x$fpl$frleqf) for __aeabi_cfrcmple
    main.o(.text) refers to fleqf.o(x$fpl$fleqf) for __aeabi_cfcmple
    main.o(.text) refers to funciones_pwm.o(.text) for init_pwm
    main.o(.text) refers to uart.o(.text) for uart0_init
    main.o(.text) refers to timer.o(.text) for config_Timers
    main.o(.text) refers to comunicacion.o(.text) for funcion_comunicacion
    main.o(.text) refers to fdiv.o(x$fpl$fdiv) for __aeabi_fdiv
    main.o(.text) refers to atan.o(i.atan) for atan
    main.o(.text) refers to sqrt.o(i.sqrt) for sqrt
    main.o(.text) refers to dflt_clz.o(x$fpl$dfltu) for __aeabi_ui2d
    main.o(.text) refers to main.o(.data) for timer
    main.o(.text) refers to main.o(.bss) for pos_actual
    main.o(.text) refers to comunicacion.o(.bss) for buffer
    main.o(.text) refers to comunicacion.o(.data) for ptr_rx
    main.o(.text) refers to dleqf.o(x$fpl$dleqf) for __aeabi_cdcmple
    main.o(.text) refers to drleqf.o(x$fpl$drleqf) for __aeabi_cdrcmple
    main.o(.text) refers to dfix.o(x$fpl$dfix) for __aeabi_d2iz
    main.o(.text) refers to fflt_clz.o(x$fpl$fflt) for __aeabi_i2f
    funciones_pwm.o(.text) refers to f2d.o(x$fpl$f2d) for __aeabi_f2d
    funciones_pwm.o(.text) refers to d2f.o(x$fpl$d2f) for __aeabi_d2f
    funciones_pwm.o(.text) refers to fdiv.o(x$fpl$fdiv) for __aeabi_fdiv
    funciones_pwm.o(.text) refers to daddsub_clz.o(x$fpl$dadd) for __aeabi_dadd
    funciones_pwm.o(.text) refers to fflt_clz.o(x$fpl$ffltu) for __aeabi_ui2f
    funciones_pwm.o(.text) refers to fmul.o(x$fpl$fmul) for __aeabi_fmul
    funciones_pwm.o(.text) refers to ffixu.o(x$fpl$ffixu) for __aeabi_f2uiz
    funciones_pwm.o(.text) refers to frleqf.o(x$fpl$frleqf) for __aeabi_cfrcmple
    comunicacion.o(.text) refers to dflt_clz.o(x$fpl$dflt) for __aeabi_i2d
    comunicacion.o(.text) refers to dmul.o(x$fpl$dmul) for __aeabi_dmul
    comunicacion.o(.text) refers to daddsub_clz.o(x$fpl$dadd) for __aeabi_dadd
    comunicacion.o(.text) refers to d2f.o(x$fpl$d2f) for __aeabi_d2f
    comunicacion.o(.text) refers to fmul.o(x$fpl$fmul) for __aeabi_fmul
    comunicacion.o(.text) refers to uart.o(.text) for tx_cadena_UART0
    comunicacion.o(.text) refers to comunicacion.o(.bss) for buffer
    comunicacion.o(.text) refers to main.o(.data) for flag_ok
    comunicacion.o(.text) refers to main.o(.bss) for pos_final
    uart.o(.text) refers to comunicacion.o(.data) for ptr_rx
    uart.o(.text) refers to comunicacion.o(.bss) for buffer
    uart.o(.text) refers to main.o(.data) for f_uart
    uart.o(.text) refers to system_lpc17xx.o(.data) for SystemCoreClock
    __main.o(!!!main) refers to rtentry.o(.ARM.Collect$$rtentry$$00000000) for __rt_entry
[...]
    atan.o(i.atan) refers to daddsub_clz.o(x$fpl$dsub) for __aeabi_dsub
    atan.o(i.atan) refers to ddiv.o(x$fpl$ddiv) for __aeabi_ddiv
    atan.o(i.atan) refers to dmul.o(x$fpl$dmul) for __aeabi_dmul
    atan.o(i.atan) refers to poly.o(i.__kernel_poly) for __kernel_poly
    atan.o(i.atan) refers to daddsub_clz.o(x$fpl$drsb) for __aeabi_drsub
    atan.o(i.atan) refers to atan.o(.constdata) for .constdata
    atan.o(.constdata) refers (Special) to usenofp.o(x$fpl$usenofp) for __I$use$fp
    atan_x.o(i.____softfp_atan$lsc) refers (Special) to usenofp.o(x$fpl$usenofp) for __I$use$fp
    atan_x.o(i.____softfp_atan$lsc) refers to atan_x.o(i.__atan$lsc) for __atan$lsc
    atan_x.o(i.__atan$lsc) refers (Special) to usenofp.o(x$fpl$usenofp) for __I$use$fp
    atan_x.o(i.__atan$lsc) refers to scalbn.o(x$fpl$scalbn) for __ARM_scalbn
    atan_x.o(i.__atan$lsc) refers to daddsub_clz.o(x$fpl$dadd) for __aeabi_dadd
    atan_x.o(i.__atan$lsc) refers to daddsub_clz.o(x$fpl$dsub) for __aeabi_dsub
    atan_x.o(i.__atan$lsc) refers to ddiv.o(x$fpl$ddiv) for __aeabi_ddiv
    atan_x.o(i.__atan$lsc) refers to dmul.o(x$fpl$dmul) for __aeabi_dmul
    atan_x.o(i.__atan$lsc) refers to poly.o(i.__kernel_poly) for __kernel_poly
    atan_x.o(i.__atan$lsc) refers to daddsub_clz.o(x$fpl$drsb) for __aeabi_drsub
    atan_x.o(i.__atan$lsc) refers to atan_x.o(.constdata) for .constdata
    atan_x.o(.constdata) refers (Special) to usenofp.o(x$fpl$usenofp) for __I$use$fp
    cosf.o(i.__softfp_cosf) refers (Special) to usenofp.o(x$fpl$usenofp) for __I$use$fp
    cosf.o(i.__softfp_cosf) refers to cosf.o(i.cosf) for cosf
    cosf.o(i.cosf) refers (Special) to usenofp.o(x$fpl$usenofp) for __I$use$fp
    cosf.o(i.cosf) refers to fmul.o(x$fpl$fmul) for __aeabi_fmul
    cosf.o(i.cosf) refers to frnd.o(x$fpl$frnd) for _frnd
    cosf.o(i.cosf) refers to ffix.o(x$fpl$ffix) for __aeabi_f2iz
    cosf.o(i.cosf) refers to faddsub_clz.o(x$fpl$frsb) for __aeabi_frsub
    cosf.o(i.cosf) refers to faddsub_clz.o(x$fpl$fsub) for __aeabi_fsub
    cosf.o(i.cosf) refers to rredf.o(i.__mathlib_rredf2) for __mathlib_rredf2
    cosf.o(i.cosf) refers to _rserrno.o(.text) for __set_errno
    cosf.o(i.cosf) refers to fdiv.o(x$fpl$fdiv) for __aeabi_fdiv
    cosf.o(i.cosf) refers to scalbnf.o(x$fpl$scalbnf) for __ARM_scalbnf
    cosf.o(i.cosf) refers to faddsub_clz.o(x$fpl$fadd) for __aeabi_fadd
    cosf_x.o(i.____softfp_cosf$lsc) refers (Special) to usenofp.o(x$fpl$usenofp) for __I$use$fp
    cosf_x.o(i.____softfp_cosf$lsc) refers to cosf_x.o(i.__cosf$lsc) for __cosf$lsc
    cosf_x.o(i.__cosf$lsc) refers (Special) to usenofp.o(x$fpl$usenofp) for __I$use$fp
    cosf_x.o(i.__cosf$lsc) refers to fmul.o(x$fpl$fmul) for __aeabi_fmul
    cosf_x.o(i.__cosf$lsc) refers to frnd.o(x$fpl$frnd) for _frnd
    cosf_x.o(i.__cosf$lsc) refers to ffix.o(x$fpl$ffix) for __aeabi_f2iz
    cosf_x.o(i.__cosf$lsc) refers to faddsub_clz.o(x$fpl$frsb) for __aeabi_frsub
    cosf_x.o(i.__cosf$lsc) refers to faddsub_clz.o(x$fpl$fsub) for __aeabi_fsub
    cosf_x.o(i.__cosf$lsc) refers to rredf.o(i.__mathlib_rredf2) for __mathlib_rredf2
    cosf_x.o(i.__cosf$lsc) refers to _rserrno.o(.text) for __set_errno
    cosf_x.o(i.__cosf$lsc) refers to scalbnf.o(x$fpl$scalbnf) for __ARM_scalbnf
    cosf_x.o(i.__cosf$lsc) refers to faddsub_clz.o(x$fpl$fadd) for __aeabi_fadd
    sinf.o(i.__softfp_sinf) refers (Special) to usenofp.o(x$fpl$usenofp) for __I$use$fp
    sinf.o(i.__softfp_sinf) refers to sinf.o(i.sinf) for sinf
    sinf.o(i.sinf) refers (Special) to usenofp.o(x$fpl$usenofp) for __I$use$fp
    sinf.o(i.sinf) refers to fmul.o(x$fpl$fmul) for __aeabi_fmul
    sinf.o(i.sinf) refers to frnd.o(x$fpl$frnd) for _frnd
    sinf.o(i.sinf) refers to ffix.o(x$fpl$ffix) for __aeabi_f2iz
    sinf.o(i.sinf) refers to faddsub_clz.o(x$fpl$frsb) for __aeabi_frsub
    sinf.o(i.sinf) refers to faddsub_clz.o(x$fpl$fsub) for __aeabi_fsub
    sinf.o(i.sinf) refers to rredf.o(i.__mathlib_rredf2) for __mathlib_rredf2
    sinf.o(i.sinf) refers to fpclassifyf.o(i.__ARM_fpclassifyf) for __ARM_fpclassifyf
    sinf.o(i.sinf) refers to funder.o(i.__mathlib_flt_underflow) for __mathlib_flt_underflow
    sinf.o(i.sinf) refers to _rserrno.o(.text) for __set_errno
    sinf.o(i.sinf) refers to fdiv.o(x$fpl$fdiv) for __aeabi_fdiv
    sinf.o(i.sinf) refers to scalbnf.o(x$fpl$scalbnf) for __ARM_scalbnf
    sinf.o(i.sinf) refers to faddsub_clz.o(x$fpl$fadd) for __aeabi_fadd
    sinf_x.o(i.____softfp_sinf$lsc) refers (Special) to usenofp.o(x$fpl$usenofp) for __I$use$fp
    sinf_x.o(i.____softfp_sinf$lsc) refers to sinf_x.o(i.__sinf$lsc) for __sinf$lsc
    sinf_x.o(i.__sinf$lsc) refers (Special) to usenofp.o(x$fpl$usenofp) for __I$use$fp
    sinf_x.o(i.__sinf$lsc) refers to fmul.o(x$fpl$fmul) for __aeabi_fmul
    sinf_x.o(i.__sinf$lsc) refers to frnd.o(x$fpl$frnd) for _frnd
    sinf_x.o(i.__sinf$lsc) refers to ffix.o(x$fpl$ffix) for __aeabi_f2iz
    sinf_x.o(i.__sinf$lsc) refers to faddsub_clz.o(x$fpl$frsb) for __aeabi_frsub
    sinf_x.o(i.__sinf$lsc) refers to faddsub_clz.o(x$fpl$fsub) for __aeabi_fsub
    sinf_x.o(i.__sinf$lsc) refers to rredf.o(i.__mathlib_rredf2) for __mathlib_rredf2
    sinf_x.o(i.__sinf$lsc) refers to _rserrno.o(.text) for __set_errno
    sinf_x.o(i.__sinf$lsc) refers to scalbnf.o(x$fpl$scalbnf) for __ARM_scalbnf
    sinf_x.o(i.__sinf$lsc) refers to faddsub_clz.o(x$fpl$fadd) for __aeabi_fadd
    sqrt.o(i.__softfp_sqrt) refers (Special) to usenofp.o(x$fpl$usenofp) for __I$use$fp
    sqrt.o(i.__softfp_sqrt) refers to dsqrt_noumaal.o(x$fpl$dsqrt) for _dsqrt
    sqrt.o(i.__softfp_sqrt) refers to _rserrno.o(.text) for __set_errno
    sqrt.o(i.sqrt) refers (Special) to usenofp.o(x$fpl$usenofp) for __I$use$fp
    sqrt.o(i.sqrt) refers to dsqrt_noumaal.o(x$fpl$dsqrt) for _dsqrt
    sqrt.o(i.sqrt) refers to _rserrno.o(.text) for __set_errno
    sqrt_x.o(i.____softfp_sqrt$lsc) refers (Special) to usenofp.o(x$fpl$usenofp) for __I$use$fp
    sqrt_x.o(i.____softfp_sqrt$lsc) refers to dleqf.o(x$fpl$dleqf) for __aeabi_cdcmple
    sqrt_x.o(i.____softfp_sqrt$lsc) refers to _rserrno.o(.text) for __set_errno
    sqrt_x.o(i.____softfp_sqrt$lsc) refers to dsqrt_noumaal.o(x$fpl$dsqrt) for _dsqrt
    sqrt_x.o(i.__sqrt$lsc) refers (Special) to usenofp.o(x$fpl$usenofp) for __I$use$fp
    sqrt_x.o(i.__sqrt$lsc) refers to dleqf.o(x$fpl$dleqf) for __aeabi_cdcmple
    sqrt_x.o(i.__sqrt$lsc) refers to _rserrno.o(.text) for __set_errno
    sqrt_x.o(i.__sqrt$lsc) refers to dsqrt_noumaal.o(x$fpl$dsqrt) for _dsqrt
    rtentry.o(.ARM.Collect$$rtentry$$00000000) refers (Special) to rtentry2.o(.ARM.Collect$$rtentry$$0000000A) for __rt_entry_li
    rtentry.o(.ARM.Collect$$rtentry$$00000000) refers (Special) to rtentry2.o(.ARM.Collect$$rtentry$$0000000D) for __rt_entry_main
    rtentry.o(.ARM.Collect$$rtentry$$00000000) refers (Special) to rtentry2.o(.ARM.Collect$$rtentry$$0000000C) for __rt_entry_postli_1
    rtentry.o(.ARM.Collect$$rtentry$$00000000) refers (Special) to rtentry2.o(.ARM.Collect$$rtentry$$00000009) for __rt_entry_postsh_1
    rtentry.o(.ARM.Collect$$rtentry$$00000000) refers (Special) to rtentry2.o(.ARM.Collect$$rtentry$$00000002) for __rt_entry_presh_1
    rtentry.o(.ARM.Collect$$rtentry$$00000000) refers (Special) to rtentry4.o(.ARM.Collect$$rtentry$$00000004) for __rt_entry_sh
    aeabi_ldiv0_sigfpe.o(.text) refers to rt_div0.o(.text) for __rt_div0
    _rserrno.o(.text) refers to rt_errno_addr_intlibspace.o(.text) for __aeabi_errno_addr
    dcmpi.o(x$fpl$dcmpinf) refers (Special) to usenofp.o(x$fpl$usenofp) for __I$use$fp
    dnaninf.o(x$fpl$dnaninf) refers (Special) to usenofp.o(x$fpl$usenofp) for __I$use$fp
    dretinf.o(x$fpl$dretinf) refers (Special) to usenofp.o(x$fpl$usenofp) for __I$use$fp
    dsqrt_noumaal.o(x$fpl$dsqrt) refers (Special) to usenofp.o(x$fpl$usenofp) for __I$use$fp
    dsqrt_noumaal.o(x$fpl$dsqrt) refers to dnaninf.o(x$fpl$dnaninf) for __fpl_dnaninf
    fcmpi.o(x$fpl$fcmpinf) refers (Special) to usenofp.o(x$fpl$usenofp) for __I$use$fp
    ffix.o(x$fpl$ffix) refers (Special) to usenofp.o(x$fpl$usenofp) for __I$use$fp
    ffix.o(x$fpl$ffix) refers to fnaninf.o(x$fpl$fnaninf) for __fpl_fnaninf
    ffix.o(x$fpl$ffixr) refers (Special) to usenofp.o(x$fpl$usenofp) for __I$use$fp
    ffix.o(x$fpl$ffixr) refers to fnaninf.o(x$fpl$fnaninf) for __fpl_fnaninf
    fnaninf.o(x$fpl$fnaninf) refers (Special) to usenofp.o(x$fpl$usenofp) for __I$use$fp
    fretinf.o(x$fpl$fretinf) refers (Special) to usenofp.o(x$fpl$usenofp) for __I$use$fp
    frnd.o(x$fpl$frnd) refers (Special) to usenofp.o(x$fpl$usenofp) for __I$use$fp
    frnd.o(x$fpl$frnd) refers to fnaninf.o(x$fpl$fnaninf) for __fpl_fnaninf
    scalbn.o(x$fpl$scalbn) refers (Special) to usenofp.o(x$fpl$usenofp) for __I$use$fp
    scalbn.o(x$fpl$scalbn) refers to dcheck1.o(x$fpl$dcheck1) for __fpl_dcheck_NaN1
    scalbnf.o(x$fpl$scalbnf) refers (Special) to usenofp.o(x$fpl$usenofp) for __I$use$fp
    scalbnf.o(x$fpl$scalbnf) refers to fcheck1.o(x$fpl$fcheck1) for __fpl_fcheck_NaN1
    dunder.o(i.__mathlib_dbl_underflow) refers to scalbn.o(x$fpl$scalbn) for __ARM_scalbn
    fpclassify.o(i.__ARM_fpclassify) refers (Special) to usenofp.o(x$fpl$usenofp) for __I$use$fp
    fpclassifyf.o(i.__ARM_fpclassifyf) refers (Special) to usenofp.o(x$fpl$usenofp) for __I$use$fp
    funder.o(i.__mathlib_flt_underflow) refers to scalbnf.o(x$fpl$scalbnf) for __ARM_scalbnf
    poly.o(i.__kernel_poly) refers (Special) to usenofp.o(x$fpl$usenofp) for __I$use$fp
    poly.o(i.__kernel_poly) refers to dmul.o(x$fpl$dmul) for __aeabi_dmul
    poly.o(i.__kernel_poly) refers to daddsub_clz.o(x$fpl$dadd) for __aeabi_dadd
    rredf.o(i.__mathlib_rredf2) refers (Special) to usenofp.o(x$fpl$usenofp) for __I$use$fp
    rredf.o(i.__mathlib_rredf2) refers to fflt_clz.o(x$fpl$fflt) for __aeabi_i2f
    rredf.o(i.__mathlib_rredf2) refers to fflt_clz.o(x$fpl$ffltu) for __aeabi_ui2f
    rredf.o(i.__mathlib_rredf2) refers to scalbnf.o(x$fpl$scalbnf) for __ARM_scalbnf
    rredf.o(i.__mathlib_rredf2) refers to faddsub_clz.o(x$fpl$fadd) for __aeabi_fadd
    rredf.o(i.__mathlib_rredf2) refers to faddsub_clz.o(x$fpl$fsub) for __aeabi_fsub
    rredf.o(i.__mathlib_rredf2) refers to faddsub_clz.o(x$fpl$frsb) for __aeabi_frsub
    rredf.o(i.__mathlib_rredf2) refers to fmul.o(x$fpl$fmul) for __aeabi_fmul
    rredf.o(i.__mathlib_rredf2) refers to rredf.o(.constdata) for .constdata
    rredf.o(.constdata) refers (Special) to usenofp.o(x$fpl$usenofp) for __I$use$fp
    rtentry2.o(.ARM.Collect$$rtentry$$00000008) refers to boardinit2.o(.text) for _platform_post_stackheap_init
    rtentry2.o(.ARM.Collect$$rtentry$$0000000A) refers to libinit.o(.ARM.Collect$$libinit$$00000000) for __rt_lib_init
    rtentry2.o(.ARM.Collect$$rtentry$$0000000B) refers to boardinit3.o(.text) for _platform_post_lib_init
    rtentry2.o(.ARM.Collect$$rtentry$$0000000D) refers to main.o(.text) for main
    rtentry2.o(.ARM.Collect$$rtentry$$0000000D) refers to exit.o(.text) for exit
    rtentry2.o(.ARM.exidx) refers to rtentry2.o(.ARM.Collect$$rtentry$$00000001) for .ARM.Collect$$rtentry$$00000001
    rtentry2.o(.ARM.exidx) refers to rtentry2.o(.ARM.Collect$$rtentry$$00000008) for .ARM.Collect$$rtentry$$00000008
    rtentry2.o(.ARM.exidx) refers to rtentry2.o(.ARM.Collect$$rtentry$$0000000A) for .ARM.Collect$$rtentry$$0000000A
    rtentry2.o(.ARM.exidx) refers to rtentry2.o(.ARM.Collect$$rtentry$$0000000B) for .ARM.Collect$$rtentry$$0000000B
    rtentry2.o(.ARM.exidx) refers to rtentry2.o(.ARM.Collect$$rtentry$$0000000D) for .ARM.Collect$$rtentry$$0000000D
    rtentry4.o(.ARM.Collect$$rtentry$$00000004) refers to sys_stackheap_outer.o(.text) for __user_setup_stackheap
    rtentry4.o(.ARM.exidx) refers to rtentry4.o(.ARM.Collect$$rtentry$$00000004) for .ARM.Collect$$rtentry$$00000004
    rt_div0.o(.text) refers to defsig_fpe_outer.o(.text) for __rt_SIGFPE
    rt_errno_addr.o(.text) refers to rt_errno_addr.o(.bss) for __aeabi_errno_addr_data
    rt_errno_addr_intlibspace.o(.text) refers to libspace.o(.bss) for __libspace_start
    dcheck1.o(x$fpl$dcheck1) refers (Special) to usenofp.o(x$fpl$usenofp) for __I$use$fp
    dcheck1.o(x$fpl$dcheck1) refers to retnan.o(x$fpl$retnan) for __fpl_return_NaN
    fcheck1.o(x$fpl$fcheck1) refers (Special) to usenofp.o(x$fpl$usenofp) for __I$use$fp
    fcheck1.o(x$fpl$fcheck1) refers to retnan.o(x$fpl$retnan) for __fpl_return_NaN
    libspace.o(.text) refers to libspace.o(.bss) for __libspace_start
    sys_stackheap_outer.o(.text) refers to libspace.o(.text) for __user_perproc_libspace
    sys_stackheap_outer.o(.text) refers to startup_lpc17xx.o(.text) for __user_initial_stackheap
    exit.o(.text) refers to rtexit.o(.ARM.Collect$$rtexit$$00000000) for __rt_exit
    defsig_fpe_outer.o(.text) refers to defsig_fpe_inner.o(.text) for __rt_SIGFPE_inner
    defsig_fpe_outer.o(.text) refers to defsig_exit.o(.text) for __sig_exit
    defsig_fpe_formal.o(.text) refers to rt_raise.o(.text) for __rt_raise
    libinit.o(.ARM.Collect$$libinit$$00000000) refers (Special) to libinit2.o(.ARM.Collect$$libinit$$0000002C) for __rt_lib_init_alloca_1
    libinit.o(.ARM.Collect$$libinit$$00000000) refers (Special) to libinit2.o(.ARM.Collect$$libinit$$0000002A) for __rt_lib_init_argv_1
    libinit.o(.ARM.Collect$$libinit$$00000000) refers (Special) to libinit2.o(.ARM.Collect$$libinit$$00000019) for __rt_lib_init_atexit_1
    libinit.o(.ARM.Collect$$libinit$$00000000) refers (Special) to libinit2.o(.ARM.Collect$$libinit$$0000001F) for __rt_lib_init_clock_1
    libinit.o(.ARM.Collect$$libinit$$00000000) refers (Special) to libinit2.o(.ARM.Collect$$libinit$$00000030) for __rt_lib_init_cpp_1
    libinit.o(.ARM.Collect$$libinit$$00000000) refers (Special) to libinit2.o(.ARM.Collect$$libinit$$0000002E) for __rt_lib_init_exceptions_1
    libinit.o(.ARM.Collect$$libinit$$00000000) refers (Special) to libinit2.o(.ARM.Collect$$libinit$$00000002) for __rt_lib_init_fp_1
    libinit.o(.ARM.Collect$$libinit$$00000000) refers (Special) to libinit2.o(.ARM.Collect$$libinit$$0000001D) for __rt_lib_init_fp_trap_1
    libinit.o(.ARM.Collect$$libinit$$00000000) refers (Special) to libinit2.o(.ARM.Collect$$libinit$$00000021) for __rt_lib_init_getenv_1
    libinit.o(.ARM.Collect$$libinit$$00000000) refers (Special) to libinit2.o(.ARM.Collect$$libinit$$00000008) for __rt_lib_init_heap_1
    libinit.o(.ARM.Collect$$libinit$$00000000) refers (Special) to libinit2.o(.ARM.Collect$$libinit$$0000000F) for __rt_lib_init_lc_collate_1
    libinit.o(.ARM.Collect$$libinit$$00000000) refers (Special) to libinit2.o(.ARM.Collect$$libinit$$00000011) for __rt_lib_init_lc_ctype_1
    libinit.o(.ARM.Collect$$libinit$$00000000) refers (Special) to libinit2.o(.ARM.Collect$$libinit$$00000013) for __rt_lib_init_lc_monetary_1
    libinit.o(.ARM.Collect$$libinit$$00000000) refers (Special) to libinit2.o(.ARM.Collect$$libinit$$00000015) for __rt_lib_init_lc_numeric_1
    libinit.o(.ARM.Collect$$libinit$$00000000) refers (Special) to libinit2.o(.ARM.Collect$$libinit$$00000017) for __rt_lib_init_lc_time_1
    libinit.o(.ARM.Collect$$libinit$$00000000) refers (Special) to libinit2.o(.ARM.Collect$$libinit$$0000000C) for __rt_lib_init_rand_1
    libinit.o(.ARM.Collect$$libinit$$00000000) refers (Special) to libinit2.o(.ARM.Collect$$libinit$$00000031) for __rt_lib_init_return
    libinit.o(.ARM.Collect$$libinit$$00000000) refers (Special) to libinit2.o(.ARM.Collect$$libinit$$0000001B) for __rt_lib_init_signal_1
    libinit.o(.ARM.Collect$$libinit$$00000000) refers (Special) to libinit2.o(.ARM.Collect$$libinit$$00000023) for __rt_lib_init_stdio_1
    libinit.o(.ARM.Collect$$libinit$$00000000) refers (Special) to libinit2.o(.ARM.Collect$$libinit$$0000000A) for __rt_lib_init_user_alloc_1
    retnan.o(x$fpl$retnan) refers (Special) to usenofp.o(x$fpl$usenofp) for __I$use$fp
    retnan.o(x$fpl$retnan) refers to trapv.o(x$fpl$trapveneer) for __fpl_cmpreturn
    rtexit.o(.ARM.Collect$$rtexit$$00000000) refers (Special) to rtexit2.o(.ARM.Collect$$rtexit$$00000004) for __rt_exit_exit
    rtexit.o(.ARM.Collect$$rtexit$$00000000) refers (Special) to rtexit2.o(.ARM.Collect$$rtexit$$00000003) for __rt_exit_ls
    rtexit.o(.ARM.Collect$$rtexit$$00000000) refers (Special) to rtexit2.o(.ARM.Collect$$rtexit$$00000002) for __rt_exit_prels_1
    rtexit.o(.ARM.exidx) refers (Special) to rtexit2.o(.ARM.Collect$$rtexit$$00000004) for __rt_exit_exit
    rtexit.o(.ARM.exidx) refers (Special) to rtexit2.o(.ARM.Collect$$rtexit$$00000003) for __rt_exit_ls
    rtexit.o(.ARM.exidx) refers (Special) to rtexit2.o(.ARM.Collect$$rtexit$$00000002) for __rt_exit_prels_1
    rtexit.o(.ARM.exidx) refers to rtexit.o(.ARM.Collect$$rtexit$$00000000) for .ARM.Collect$$rtexit$$00000000
    rt_raise.o(.text) refers to __raise.o(.text) for __raise
    rt_raise.o(.text) refers to sys_exit.o(.text) for _sys_exit
    defsig_exit.o(.text) refers to sys_exit.o(.text) for _sys_exit
    defsig_fpe_inner.o(.text) refers to defsig_general.o(.text) for __default_signal_display
    libinit2.o(.ARM.Collect$$libinit$$0000000E) refers to libinit2.o(.ARM.Collect$$libinit$$0000000D) for .ARM.Collect$$libinit$$0000000D
    libinit2.o(.ARM.Collect$$libinit$$00000010) refers to libinit2.o(.ARM.Collect$$libinit$$0000000D) for .ARM.Collect$$libinit$$0000000D
    libinit2.o(.ARM.Collect$$libinit$$00000012) refers to libinit2.o(.ARM.Collect$$libinit$$0000000D) for .ARM.Collect$$libinit$$0000000D
    libinit2.o(.ARM.Collect$$libinit$$00000014) refers to libinit2.o(.ARM.Collect$$libinit$$0000000D) for .ARM.Collect$$libinit$$0000000D
    libinit2.o(.ARM.Collect$$libinit$$00000016) refers to libinit2.o(.ARM.Collect$$libinit$$0000000D) for .ARM.Collect$$libinit$$0000000D
    libinit2.o(.ARM.Collect$$libinit$$00000024) refers to argv_veneer.o(.emb_text) for __ARM_argv_veneer
    libinit2.o(.ARM.Collect$$libinit$$00000025) refers to argv_veneer.o(.emb_text) for __ARM_argv_veneer
    trapv.o(x$fpl$trapveneer) refers (Special) to usenofp.o(x$fpl$usenofp) for __I$use$fp
    sys_exit.o(.text) refers (Special) to use_no_semi.o(.text) for __I$use$semihosting
    sys_exit.o(.text) refers (Special) to indicate_semi.o(.text) for __semihosting_library_function
    rtexit2.o(.ARM.Collect$$rtexit$$00000003) refers to libshutdown.o(.ARM.Collect$$libshutdown$$00000000) for __rt_lib_shutdown
    rtexit2.o(.ARM.Collect$$rtexit$$00000004) refers to sys_exit.o(.text) for _sys_exit
    rtexit2.o(.ARM.exidx) refers to rtexit2.o(.ARM.Collect$$rtexit$$00000001) for .ARM.Collect$$rtexit$$00000001
    rtexit2.o(.ARM.exidx) refers to rtexit2.o(.ARM.Collect$$rtexit$$00000003) for .ARM.Collect$$rtexit$$00000003
    rtexit2.o(.ARM.exidx) refers to rtexit2.o(.ARM.Collect$$rtexit$$00000004) for .ARM.Collect$$rtexit$$00000004
    __raise.o(.text) refers to defsig.o(CL$$defsig) for __default_signal_handler
    defsig_general.o(.text) refers to sys_wrch.o(.text) for _ttywrch
    argv_veneer.o(.emb_text) refers to no_argv.o(.text) for __ARM_get_argv
    sys_wrch.o(.text) refers (Special) to use_no_semi.o(.text) for __I$use$semihosting
    sys_wrch.o(.text) refers (Special) to indicate_semi.o(.text) for __semihosting_library_function
    defsig.o(CL$$defsig) refers to defsig_fpe_inner.o(.text) for __rt_SIGFPE_inner
    defsig.o(CL$$defsig) refers to defsig_rtmem_inner.o(.text) for __rt_SIGRTMEM_inner
    _get_argv_nomalloc.o(.text) refers (Special) to hrguard.o(.text) for __heap_region$guard
    _get_argv_nomalloc.o(.text) refers to defsig_rtmem_outer.o(.text) for __rt_SIGRTMEM
    _get_argv_nomalloc.o(.text) refers to sys_command.o(.text) for _sys_command_string
    libshutdown.o(.ARM.Collect$$libshutdown$$00000000) refers (Special) to libshutdown2.o(.ARM.Collect$$libshutdown$$00000006) for __rt_lib_shutdown_fp_trap_1
    libshutdown.o(.ARM.Collect$$libshutdown$$00000000) refers (Special) to libshutdown2.o(.ARM.Collect$$libshutdown$$0000000E) for __rt_lib_shutdown_heap_1
    libshutdown.o(.ARM.Collect$$libshutdown$$00000000) refers (Special) to libshutdown2.o(.ARM.Collect$$libshutdown$$0000000F) for __rt_lib_shutdown_return
    libshutdown.o(.ARM.Collect$$libshutdown$$00000000) refers (Special) to libshutdown2.o(.ARM.Collect$$libshutdown$$00000009) for __rt_lib_shutdown_signal_1
    libshutdown.o(.ARM.Collect$$libshutdown$$00000000) refers (Special) to libshutdown2.o(.ARM.Collect$$libshutdown$$00000003) for __rt_lib_shutdown_stdio_1
    libshutdown.o(.ARM.Collect$$libshutdown$$00000000) refers (Special) to libshutdown2.o(.ARM.Collect$$libshutdown$$0000000B) for __rt_lib_shutdown_user_alloc_1
    sys_command.o(.text) refers (Special) to use_no_semi.o(.text) for __I$use$semihosting
    sys_command.o(.text) refers (Special) to indicate_semi.o(.text) for __semihosting_library_function
    defsig_abrt_inner.o(.text) refers to defsig_general.o(.text) for __default_signal_display
    defsig_rtred_inner.o(.text) refers to defsig_general.o(.text) for __default_signal_display
    defsig_rtmem_inner.o(.text) refers to defsig_general.o(.text) for __default_signal_display
    defsig_rtmem_outer.o(.text) refers to defsig_rtmem_inner.o(.text) for __rt_SIGRTMEM_inner
    defsig_rtmem_outer.o(.text) refers to defsig_exit.o(.text) for __sig_exit
    defsig_rtmem_formal.o(.text) refers to rt_raise.o(.text) for __rt_raise
    defsig_stak_inner.o(.text) refers to defsig_general.o(.text) for __default_signal_display
    defsig_pvfn_inner.o(.text) refers to defsig_general.o(.text) for __default_signal_display
    defsig_cppl_inner.o(.text) refers to defsig_general.o(.text) for __default_signal_display
    defsig_segv_inner.o(.text) refers to defsig_general.o(.text) for __default_signal_display
    defsig_other.o(.text) refers to defsig_general.o(.text) for __default_signal_display


==============================================================================

Removing Unused input sections from the image.

    Removing system_lpc17xx.o(.rev16_text), (4 bytes).
    Removing system_lpc17xx.o(.revsh_text), (4 bytes).
    Removing main.o(.rev16_text), (4 bytes).
    Removing main.o(.revsh_text), (4 bytes).
    Removing funciones_pwm.o(.rev16_text), (4 bytes).
    Removing funciones_pwm.o(.revsh_text), (4 bytes).
    Removing timer.o(.rev16_text), (4 bytes).
    Removing timer.o(.revsh_text), (4 bytes).
    Removing comunicacion.o(.rev16_text), (4 bytes).
    Removing comunicacion.o(.revsh_text), (4 bytes).
    Removing uart.o(.rev16_text), (4 bytes).
    Removing uart.o(.revsh_text), (4 bytes).

12 unused section(s) (total 48 bytes) removed from the image.

==============================================================================

Image Symbol Table

    Local Symbols

    Symbol Name                              Value     Ov Type        Size  Object(Section)

    RESET                                    0x00000000   Section      204  startup_lpc17xx.o(RESET)
    ../clib/angel/boardlib.s                 0x00000000   Number         0  boardinit2.o ABSOLUTE
    ../clib/angel/boardlib.s                 0x00000000   Number         0  boardinit1.o ABSOLUTE
    ../clib/angel/boardlib.s                 0x00000000   Number         0  boardshut.o ABSOLUTE
    ../clib/angel/boardlib.s                 0x00000000   Number         0  boardinit3.o ABSOLUTE
    ../clib/angel/handlers.s                 0x00000000   Number         0  __scatter_copy.o ABSOLUTE
    ../clib/angel/handlers.s                 0x00000000   Number         0  __scatter_zi.o ABSOLUTE
    ../clib/angel/kernel.s                   0x00000000   Number         0  rtentry4.o ABSOLUTE
    ../clib/angel/kernel.s                   0x00000000   Number         0  rtexit2.o ABSOLUTE
    ../clib/angel/kernel.s                   0x00000000   Number         0  rtexit.o ABSOLUTE
    ../clib/angel/kernel.s                   0x00000000   Number         0  rtentry2.o ABSOLUTE
    ../clib/angel/kernel.s                   0x00000000   Number         0  rtentry.o ABSOLUTE
    ../clib/angel/rt.s                       0x00000000   Number         0  rt_raise.o ABSOLUTE
    ../clib/angel/rt.s                       0x00000000   Number         0  rt_div0.o ABSOLUTE
    ../clib/angel/rt.s                       0x00000000   Number         0  rt_errno_addr_intlibspace.o ABSOLUTE
    ../clib/angel/rt.s                       0x00000000   Number         0  rt_errno_addr.o ABSOLUTE
    ../clib/angel/rt.s                       0x00000000   Number         0  aeabi_ldiv0.o ABSOLUTE
    ../clib/angel/rt.s                       0x00000000   Number         0  aeabi_ldiv0_sigfpe.o ABSOLUTE
    ../clib/angel/scatter.s                  0x00000000   Number         0  __scatter.o ABSOLUTE
    ../clib/angel/startup.s                  0x00000000   Number         0  __main.o ABSOLUTE
    ../clib/angel/sys.s                      0x00000000   Number         0  sys_stackheap_outer.o ABSOLUTE
    ../clib/angel/sys.s                      0x00000000   Number         0  indicate_semi.o ABSOLUTE
    ../clib/angel/sys.s                      0x00000000   Number         0  use_no_semi.o ABSOLUTE
    ../clib/angel/sys.s                      0x00000000   Number         0  libspace.o ABSOLUTE
    ../clib/angel/sysapp.c                   0x00000000   Number         0  sys_command.o ABSOLUTE
    ../clib/angel/sysapp.c                   0x00000000   Number         0  sys_wrch.o ABSOLUTE
    ../clib/angel/sysapp.c                   0x00000000   Number         0  sys_exit.o ABSOLUTE
    ../clib/armsys.c                         0x00000000   Number         0  argv_veneer.o ABSOLUTE
    ../clib/armsys.c                         0x00000000   Number         0  argv_veneer.o ABSOLUTE
    ../clib/armsys.c                         0x00000000   Number         0  no_argv.o ABSOLUTE
    ../clib/armsys.c                         0x00000000   Number         0  _get_argv_nomalloc.o ABSOLUTE
    ../clib/fenv.c                           0x00000000   Number         0  _rserrno.o ABSOLUTE
    ../clib/heapalloc.c                      0x00000000   Number         0  hrguard.o ABSOLUTE
    ../clib/heapaux.c                        0x00000000   Number         0  heapauxi.o ABSOLUTE
    ../clib/libinit.s                        0x00000000   Number         0  libshutdown.o ABSOLUTE
    ../clib/libinit.s                        0x00000000   Number         0  libinit2.o ABSOLUTE
    ../clib/libinit.s                        0x00000000   Number         0  libinit.o ABSOLUTE
    ../clib/libinit.s                        0x00000000   Number         0  libshutdown2.o ABSOLUTE
    ../clib/longlong.s                       0x00000000   Number         0  lludivv7m.o ABSOLUTE
    ../clib/signal.c                         0x00000000   Number         0  defsig_abrt_inner.o ABSOLUTE
    ../clib/signal.c                         0x00000000   Number         0  defsig_fpe_outer.o ABSOLUTE
    ../clib/signal.c                         0x00000000   Number         0  defsig_fpe_formal.o ABSOLUTE
    ../clib/signal.c                         0x00000000   Number         0  defsig_exit.o ABSOLUTE
    ../clib/signal.c                         0x00000000   Number         0  defsig_fpe_inner.o ABSOLUTE
    ../clib/signal.c                         0x00000000   Number         0  defsig_segv_inner.o ABSOLUTE
    ../clib/signal.c                         0x00000000   Number         0  __raise.o ABSOLUTE
    ../clib/signal.c                         0x00000000   Number         0  defsig_general.o ABSOLUTE
    ../clib/signal.c                         0x00000000   Number         0  defsig_other.o ABSOLUTE
    ../clib/signal.c                         0x00000000   Number         0  defsig_cppl_inner.o ABSOLUTE
    ../clib/signal.c                         0x00000000   Number         0  defsig_pvfn_inner.o ABSOLUTE
    ../clib/signal.c                         0x00000000   Number         0  defsig_stak_inner.o ABSOLUTE
    ../clib/signal.c                         0x00000000   Number         0  defsig_rtmem_formal.o ABSOLUTE
    ../clib/signal.c                         0x00000000   Number         0  defsig_rtmem_outer.o ABSOLUTE
    ../clib/signal.c                         0x00000000   Number         0  defsig_rtmem_inner.o ABSOLUTE
    ../clib/signal.c                         0x00000000   Number         0  defsig_rtred_inner.o ABSOLUTE
    ../clib/signal.s                         0x00000000   Number         0  defsig.o ABSOLUTE
    ../clib/stdlib.c                         0x00000000   Number         0  exit.o ABSOLUTE
    ../fplib/d2f.s                           0x00000000   Number         0  d2f.o ABSOLUTE
    ../fplib/daddsub.s                       0x00000000   Number         0  daddsub_clz.o ABSOLUTE
    ../fplib/dcheck1.s                       0x00000000   Number         0  dcheck1.o ABSOLUTE
    ../fplib/dcmpi.s                         0x00000000   Number         0  dcmpi.o ABSOLUTE
    ../fplib/ddiv.s                          0x00000000   Number         0  ddiv.o ABSOLUTE
    ../fplib/dfix.s                          0x00000000   Number         0  dfix.o ABSOLUTE
    ../fplib/dflt.s                          0x00000000   Number         0  dflt_clz.o ABSOLUTE
    ../fplib/dleqf.s                         0x00000000   Number         0  dleqf.o ABSOLUTE
    ../fplib/dmul.s                          0x00000000   Number         0  dmul.o ABSOLUTE
    ../fplib/dnaninf.s                       0x00000000   Number         0  dnaninf.o ABSOLUTE
    ../fplib/dretinf.s                       0x00000000   Number         0  dretinf.o ABSOLUTE
    ../fplib/drleqf.s                        0x00000000   Number         0  drleqf.o ABSOLUTE
    ../fplib/dsqrt.s                         0x00000000   Number         0  dsqrt_noumaal.o ABSOLUTE
    ../fplib/f2d.s                           0x00000000   Number         0  f2d.o ABSOLUTE
    ../fplib/faddsub.s                       0x00000000   Number         0  faddsub_clz.o ABSOLUTE
    ../fplib/fcheck1.s                       0x00000000   Number         0  fcheck1.o ABSOLUTE
    ../fplib/fcmpi.s                         0x00000000   Number         0  fcmpi.o ABSOLUTE
    ../fplib/fdiv.s                          0x00000000   Number         0  fdiv.o ABSOLUTE
    ../fplib/ffix.s                          0x00000000   Number         0  ffix.o ABSOLUTE
    ../fplib/ffixu.s                         0x00000000   Number         0  ffixu.o ABSOLUTE
    ../fplib/fflt.s                          0x00000000   Number         0  fflt_clz.o ABSOLUTE
    ../fplib/fleqf.s                         0x00000000   Number         0  fleqf.o ABSOLUTE
    ../fplib/fmul.s                          0x00000000   Number         0  fmul.o ABSOLUTE
    ../fplib/fnaninf.s                       0x00000000   Number         0  fnaninf.o ABSOLUTE
    ../fplib/fpinit.s                        0x00000000   Number         0  fpinit.o ABSOLUTE
    ../fplib/fretinf.s                       0x00000000   Number         0  fretinf.o ABSOLUTE
    ../fplib/frleqf.s                        0x00000000   Number         0  frleqf.o ABSOLUTE
    ../fplib/frnd.s                          0x00000000   Number         0  frnd.o ABSOLUTE
    ../fplib/retnan.s                        0x00000000   Number         0  retnan.o ABSOLUTE
    ../fplib/scalbn.s                        0x00000000   Number         0  scalbn.o ABSOLUTE
    ../fplib/scalbnf.s                       0x00000000   Number         0  scalbnf.o ABSOLUTE
    ../fplib/trapv.s                         0x00000000   Number         0  trapv.o ABSOLUTE
    ../fplib/usenofp.s                       0x00000000   Number         0  usenofp.o ABSOLUTE
    ../mathlib/atan.c                        0x00000000   Number         0  atan.o ABSOLUTE
    ../mathlib/atan.c                        0x00000000   Number         0  atan_x.o ABSOLUTE
    ../mathlib/cosf.c                        0x00000000   Number         0  cosf.o ABSOLUTE
    ../mathlib/cosf.c                        0x00000000   Number         0  cosf_x.o ABSOLUTE
    ../mathlib/dunder.c                      0x00000000   Number         0  dunder.o ABSOLUTE
    ../mathlib/fpclassify.c                  0x00000000   Number         0  fpclassify.o ABSOLUTE
    ../mathlib/fpclassifyf.c                 0x00000000   Number         0  fpclassifyf.o ABSOLUTE
    ../mathlib/funder.c                      0x00000000   Number         0  funder.o ABSOLUTE
    ../mathlib/poly.c                        0x00000000   Number         0  poly.o ABSOLUTE
    ../mathlib/rredf.c                       0x00000000   Number         0  rredf.o ABSOLUTE
    ../mathlib/sinf.c                        0x00000000   Number         0  sinf_x.o ABSOLUTE
    ../mathlib/sinf.c                        0x00000000   Number         0  sinf.o ABSOLUTE
    ../mathlib/sqrt.c                        0x00000000   Number         0  sqrt_x.o ABSOLUTE
    ../mathlib/sqrt.c                        0x00000000   Number         0  sqrt.o ABSOLUTE
    C:\Keil\ARM\Startup\NXP\LPC17xx\system_LPC17xx.c 0x00000000   Number         0  system_lpc17xx.o ABSOLUTE
    C:\\Keil\\ARM\\Startup\\NXP\\LPC17xx\\system_LPC17xx.c 0x00000000   Number         0  system_lpc17xx.o ABSOLUTE
    comunicacion.c                           0x00000000   Number         0  comunicacion.o ABSOLUTE
    comunicacion.c                           0x00000000   Number         0  comunicacion.o ABSOLUTE
    dc.s                                     0x00000000   Number         0  dc.o ABSOLUTE
    funciones_pwm.c                          0x00000000   Number         0  funciones_pwm.o ABSOLUTE
    funciones_pwm.c                          0x00000000   Number         0  funciones_pwm.o ABSOLUTE
    main.c                                   0x00000000   Number         0  main.o ABSOLUTE
    main.c                                   0x00000000   Number         0  main.o ABSOLUTE
    startup_LPC17xx.s                        0x00000000   Number         0  startup_lpc17xx.o ABSOLUTE
    timer.c                                  0x00000000   Number         0  timer.o ABSOLUTE
    timer.c                                  0x00000000   Number         0  timer.o ABSOLUTE
    uart.c                                   0x00000000   Number         0  uart.o ABSOLUTE
    uart.c                                   0x00000000   Number         0  uart.o ABSOLUTE
    !!!main                                  0x000000cc   Section        8  __main.o(!!!main)
    !!!scatter                               0x000000d4   Section       52  __scatter.o(!!!scatter)
    !!handler_copy                           0x00000108   Section       26  __scatter_copy.o(!!handler_copy)
    !!handler_zi                             0x00000124   Section       28  __scatter_zi.o(!!handler_zi)
    .ARM.Collect$$libinit$$00000000          0x00000140   Section        2  libinit.o(.ARM.Collect$$libinit$$00000000)
    .ARM.Collect$$libinit$$00000002          0x00000142   Section        0  libinit2.o(.ARM.Collect$$libinit$$00000002)
    .ARM.Collect$$libinit$$00000008          0x00000142   Section        0  libinit2.o(.ARM.Collect$$libinit$$00000008)
    .ARM.Collect$$libinit$$0000000A          0x00000142   Section        0  libinit2.o(.ARM.Collect$$libinit$$0000000A)
    .ARM.Collect$$libinit$$0000000C          0x00000142   Section        0  libinit2.o(.ARM.Collect$$libinit$$0000000C)
    .ARM.Collect$$libinit$$0000000F          0x00000142   Section        0  libinit2.o(.ARM.Collect$$libinit$$0000000F)
    .ARM.Collect$$libinit$$00000011          0x00000142   Section        0  libinit2.o(.ARM.Collect$$libinit$$00000011)
    .ARM.Collect$$libinit$$00000013          0x00000142   Section        0  libinit2.o(.ARM.Collect$$libinit$$00000013)
    .ARM.Collect$$libinit$$00000015          0x00000142   Section        0  libinit2.o(.ARM.Collect$$libinit$$00000015)
    .ARM.Collect$$libinit$$00000017          0x00000142   Section        0  libinit2.o(.ARM.Collect$$libinit$$00000017)
    .ARM.Collect$$libinit$$00000019          0x00000142   Section        0  libinit2.o(.ARM.Collect$$libinit$$00000019)
    .ARM.Collect$$libinit$$0000001B          0x00000142   Section        0  libinit2.o(.ARM.Collect$$libinit$$0000001B)
    .ARM.Collect$$libinit$$0000001D          0x00000142   Section        0  libinit2.o(.ARM.Collect$$libinit$$0000001D)
    .ARM.Collect$$libinit$$0000001F          0x00000142   Section        0  libinit2.o(.ARM.Collect$$libinit$$0000001F)
    .ARM.Collect$$libinit$$00000021          0x00000142   Section        0  libinit2.o(.ARM.Collect$$libinit$$00000021)
    .ARM.Collect$$libinit$$00000023          0x00000142   Section        0  libinit2.o(.ARM.Collect$$libinit$$00000023)
    .ARM.Collect$$libinit$$0000002A          0x00000142   Section        0  libinit2.o(.ARM.Collect$$libinit$$0000002A)
    .ARM.Collect$$libinit$$0000002C          0x00000142   Section        0  libinit2.o(.ARM.Collect$$libinit$$0000002C)
    .ARM.Collect$$libinit$$0000002E          0x00000142   Section        0  libinit2.o(.ARM.Collect$$libinit$$0000002E)
    .ARM.Collect$$libinit$$00000030          0x00000142   Section        0  libinit2.o(.ARM.Collect$$libinit$$00000030)
    .ARM.Collect$$libinit$$00000031          0x00000142   Section        2  libinit2.o(.ARM.Collect$$libinit$$00000031)
    .ARM.Collect$$libshutdown$$00000000      0x00000144   Section        2  libshutdown.o(.ARM.Collect$$libshutdown$$00000000)
    .ARM.Collect$$libshutdown$$00000003      0x00000146   Section        0  libshutdown2.o(.ARM.Collect$$libshutdown$$00000003)
    .ARM.Collect$$libshutdown$$00000006      0x00000146   Section        0  libshutdown2.o(.ARM.Collect$$libshutdown$$00000006)
    .ARM.Collect$$libshutdown$$00000009      0x00000146   Section        0  libshutdown2.o(.ARM.Collect$$libshutdown$$00000009)
    .ARM.Collect$$libshutdown$$0000000B      0x00000146   Section        0  libshutdown2.o(.ARM.Collect$$libshutdown$$0000000B)
    .ARM.Collect$$libshutdown$$0000000E      0x00000146   Section        0  libshutdown2.o(.ARM.Collect$$libshutdown$$0000000E)
    .ARM.Collect$$libshutdown$$0000000F      0x00000146   Section        2  libshutdown2.o(.ARM.Collect$$libshutdown$$0000000F)
    .ARM.Collect$$rtentry$$00000000          0x00000148   Section        0  rtentry.o(.ARM.Collect$$rtentry$$00000000)
    .ARM.Collect$$rtentry$$00000002          0x00000148   Section        0  rtentry2.o(.ARM.Collect$$rtentry$$00000002)
    .ARM.Collect$$rtentry$$00000004          0x00000148   Section        6  rtentry4.o(.ARM.Collect$$rtentry$$00000004)
    .ARM.Collect$$rtentry$$00000009          0x0000014e   Section        0  rtentry2.o(.ARM.Collect$$rtentry$$00000009)
    .ARM.Collect$$rtentry$$0000000A          0x0000014e   Section        4  rtentry2.o(.ARM.Collect$$rtentry$$0000000A)
    .ARM.Collect$$rtentry$$0000000C          0x00000152   Section        0  rtentry2.o(.ARM.Collect$$rtentry$$0000000C)
    .ARM.Collect$$rtentry$$0000000D          0x00000152   Section        8  rtentry2.o(.ARM.Collect$$rtentry$$0000000D)
    .ARM.Collect$$rtexit$$00000000           0x0000015a   Section        2  rtexit.o(.ARM.Collect$$rtexit$$00000000)
    .ARM.Collect$$rtexit$$00000002           0x0000015c   Section        0  rtexit2.o(.ARM.Collect$$rtexit$$00000002)
    .ARM.Collect$$rtexit$$00000003           0x0000015c   Section        4  rtexit2.o(.ARM.Collect$$rtexit$$00000003)
    .ARM.Collect$$rtexit$$00000004           0x00000160   Section        6  rtexit2.o(.ARM.Collect$$rtexit$$00000004)
    .text                                    0x00000168   Section       60  startup_lpc17xx.o(.text)
    .text                                    0x000001a4   Section        0  timer.o(.text)
    .text                                    0x00000284   Section        0  heapauxi.o(.text)
    .text                                    0x0000028a   Section        0  _rserrno.o(.text)
    .text                                    0x000002a0   Section        8  rt_errno_addr_intlibspace.o(.text)
    .text                                    0x000002a8   Section        8  libspace.o(.text)
    .text                                    0x000002b0   Section       74  sys_stackheap_outer.o(.text)
    .text                                    0x000002fa   Section        2  use_no_semi.o(.text)
    .ARM.__at_0x02FC                         0x000002fc   Section        4  startup_lpc17xx.o(.ARM.__at_0x02FC)
    .text                                    0x00000300   Section        0  system_lpc17xx.o(.text)
    .text                                    0x00000618   Section        0  main.o(.text)
    .text                                    0x00001070   Section        0  funciones_pwm.o(.text)
    .text                                    0x00001244   Section        0  comunicacion.o(.text)
    .text                                    0x000015e4   Section        0  uart.o(.text)
    uart0_set_baudrate                       0x00001679   Thumb Code   250  uart.o(.text)
    .text                                    0x000017e0   Section      238  lludivv7m.o(.text)
    .text                                    0x000018ce   Section        0  exit.o(.text)
    .text                                    0x000018dc   Section        0  sys_exit.o(.text)
    .text                                    0x000018e8   Section        0  indicate_semi.o(.text)
    i.__ARM_fpclassify                       0x000018e8   Section        0  fpclassify.o(i.__ARM_fpclassify)
    i.__ARM_fpclassifyf                      0x00001910   Section        0  fpclassifyf.o(i.__ARM_fpclassifyf)
    i.__kernel_poly                          0x00001936   Section        0  poly.o(i.__kernel_poly)
    i.__mathlib_dbl_underflow                0x000019e0   Section        0  dunder.o(i.__mathlib_dbl_underflow)
    i.__mathlib_flt_underflow                0x000019f0   Section        0  funder.o(i.__mathlib_flt_underflow)
    i.__mathlib_rredf2                       0x000019fc   Section        0  rredf.o(i.__mathlib_rredf2)
    i.atan                                   0x00001b54   Section        0  atan.o(i.atan)
    i.cosf                                   0x00001d78   Section        0  cosf.o(i.cosf)
    i.sinf                                   0x00001ef8   Section        0  sinf.o(i.sinf)
    i.sqrt                                   0x00002084   Section        0  sqrt.o(i.sqrt)
    x$fpl$d2f                                0x000020d0   Section       98  d2f.o(x$fpl$d2f)
    x$fpl$dadd                               0x00002134   Section      336  daddsub_clz.o(x$fpl$dadd)
    _dadd1                                   0x00002145   Thumb Code     0  daddsub_clz.o(x$fpl$dadd)
    x$fpl$dcheck1                            0x00002284   Section       16  dcheck1.o(x$fpl$dcheck1)
    x$fpl$dcmpinf                            0x00002294   Section       24  dcmpi.o(x$fpl$dcmpinf)
    x$fpl$ddiv                               0x000022ac   Section      688  ddiv.o(x$fpl$ddiv)
    ddiv_entry                               0x000022b3   Thumb Code     0  ddiv.o(x$fpl$ddiv)
    x$fpl$dfix                               0x0000255c   Section       94  dfix.o(x$fpl$dfix)
    x$fpl$dflt                               0x000025ba   Section       46  dflt_clz.o(x$fpl$dflt)
    x$fpl$dfltu                              0x000025e8   Section       38  dflt_clz.o(x$fpl$dfltu)
    x$fpl$dleqf                              0x00002610   Section      120  dleqf.o(x$fpl$dleqf)
    x$fpl$dmul                               0x00002688   Section      340  dmul.o(x$fpl$dmul)
    x$fpl$dnaninf                            0x000027dc   Section      156  dnaninf.o(x$fpl$dnaninf)
    x$fpl$dretinf                            0x00002878   Section       12  dretinf.o(x$fpl$dretinf)
    x$fpl$drleqf                             0x00002884   Section      108  drleqf.o(x$fpl$drleqf)
    x$fpl$drsb                               0x000028f0   Section       22  daddsub_clz.o(x$fpl$drsb)
    x$fpl$dsqrt                              0x00002908   Section      460  dsqrt_noumaal.o(x$fpl$dsqrt)
    x$fpl$dsub                               0x00002ad4   Section      468  daddsub_clz.o(x$fpl$dsub)
    _dsub1                                   0x00002ae5   Thumb Code     0  daddsub_clz.o(x$fpl$dsub)
    x$fpl$f2d                                0x00002ca8   Section       86  f2d.o(x$fpl$f2d)
    x$fpl$fadd                               0x00002d00   Section      196  faddsub_clz.o(x$fpl$fadd)
    _fadd1                                   0x00002d0f   Thumb Code     0  faddsub_clz.o(x$fpl$fadd)
    x$fpl$fcheck1                            0x00002dc4   Section       12  fcheck1.o(x$fpl$fcheck1)
    x$fpl$fcmpinf                            0x00002dd0   Section       24  fcmpi.o(x$fpl$fcmpinf)
    x$fpl$fdiv                               0x00002de8   Section      388  fdiv.o(x$fpl$fdiv)
    _fdiv1                                   0x00002de9   Thumb Code     0  fdiv.o(x$fpl$fdiv)
    x$fpl$ffix                               0x00002f6c   Section       54  ffix.o(x$fpl$ffix)
    x$fpl$ffixu                              0x00002fa4   Section       62  ffixu.o(x$fpl$ffixu)
    x$fpl$fflt                               0x00002fe4   Section       48  fflt_clz.o(x$fpl$fflt)
    x$fpl$ffltu                              0x00003014   Section       38  fflt_clz.o(x$fpl$ffltu)
    x$fpl$fleqf                              0x0000303c   Section      104  fleqf.o(x$fpl$fleqf)
    x$fpl$fmul                               0x000030a4   Section      258  fmul.o(x$fpl$fmul)
    x$fpl$fnaninf                            0x000031a6   Section      140  fnaninf.o(x$fpl$fnaninf)
    x$fpl$fretinf                            0x00003232   Section       10  fretinf.o(x$fpl$fretinf)
    x$fpl$frleqf                             0x0000323c   Section       98  frleqf.o(x$fpl$frleqf)
    x$fpl$frnd                               0x000032a0   Section       96  frnd.o(x$fpl$frnd)
    x$fpl$frsb                               0x00003300   Section       20  faddsub_clz.o(x$fpl$frsb)
    x$fpl$fsub                               0x00003314   Section      234  faddsub_clz.o(x$fpl$fsub)
    _fsub1                                   0x00003323   Thumb Code     0  faddsub_clz.o(x$fpl$fsub)
    x$fpl$retnan                             0x000033fe   Section      100  retnan.o(x$fpl$retnan)
    x$fpl$scalbn                             0x00003462   Section       92  scalbn.o(x$fpl$scalbn)
    x$fpl$scalbnf                            0x000034be   Section       76  scalbnf.o(x$fpl$scalbnf)
    x$fpl$trapveneer                         0x0000350a   Section       48  trapv.o(x$fpl$trapveneer)
    x$fpl$usenofp                            0x0000353a   Section        0  usenofp.o(x$fpl$usenofp)
    .constdata                               0x00003540   Section      152  atan.o(.constdata)
    atanhi                                   0x00003540   Data          32  atan.o(.constdata)
    atanlo                                   0x00003560   Data          32  atan.o(.constdata)
    aTodd                                    0x00003580   Data          40  atan.o(.constdata)
    aTeven                                   0x000035a8   Data          48  atan.o(.constdata)
    .constdata                               0x000035d8   Section       32  rredf.o(.constdata)
    twooverpi                                0x000035d8   Data          32  rredf.o(.constdata)
    .data                                    0x10000000   Section        4  system_lpc17xx.o(.data)
    .data                                    0x10000004   Section       36  main.o(.data)
    .data                                    0x10000028   Section       13  comunicacion.o(.data)
    .bss                                     0x10000038   Section       24  main.o(.bss)
    .bss                                     0x10000050   Section       30  comunicacion.o(.bss)
    .bss                                     0x10000070   Section       96  libspace.o(.bss)
    HEAP                                     0x100000d0   Section        0  startup_lpc17xx.o(HEAP)
    STACK                                    0x100000d0   Section      512  startup_lpc17xx.o(STACK)
    Heap_Mem                                 0x100000d0   Data           0  startup_lpc17xx.o(HEAP)
    Stack_Mem                                0x100000d0   Data         512  startup_lpc17xx.o(STACK)
    __initial_sp                             0x100002d0   Data           0  startup_lpc17xx.o(STACK)

    Global Symbols

    Symbol Name                              Value     Ov Type        Size  Object(Section)

    BuildAttributes$$THM_ISAv4$P$D$K$B$S$PE$A:L22UL41UL21$X:L11$S22US41US21$IEEE1$IW$USESV6$~STKCKD$USESV7$~SHL$OTIME$ROPI$IEEEX$EBA8$UX$STANDARDLIB$REQ8$PRES8$EABIv2 0x00000000   Number         0  anon$$obj.o ABSOLUTE
    __ARM_use_no_argv                        0x00000000   Number         0  main.o ABSOLUTE
    __Vectors                                0x00000000   Data           4  startup_lpc17xx.o(RESET)
    __ARM_exceptions_init                     - Undefined Weak Reference
    __alloca_initialize                       - Undefined Weak Reference
    __cpp_initialize__aeabi_                  - Undefined Weak Reference
    __cxa_finalize                            - Undefined Weak Reference
    __rt_locale                               - Undefined Weak Reference
    __sigvec_lookup                           - Undefined Weak Reference
    _atexit_init                              - Undefined Weak Reference
    _call_atexit_fns                          - Undefined Weak Reference
    _clock_init                               - Undefined Weak Reference
    _fp_trap_init                             - Undefined Weak Reference
    _fp_trap_shutdown                         - Undefined Weak Reference
    _get_lc_collate                           - Undefined Weak Reference
    _get_lc_ctype                             - Undefined Weak Reference
    _get_lc_monetary                          - Undefined Weak Reference
    _get_lc_numeric                           - Undefined Weak Reference
    _get_lc_time                              - Undefined Weak Reference
    _getenv_init                              - Undefined Weak Reference
    _handle_redirection                       - Undefined Weak Reference
    _init_alloc                               - Undefined Weak Reference
    _init_user_alloc                          - Undefined Weak Reference
    _initio                                   - Undefined Weak Reference
    _rand_init                                - Undefined Weak Reference
    _signal_finish                            - Undefined Weak Reference
    _signal_init                              - Undefined Weak Reference
    _terminate_alloc                          - Undefined Weak Reference
    _terminate_user_alloc                     - Undefined Weak Reference
    _terminateio                              - Undefined Weak Reference
    __main                                   0x000000cd   Thumb Code     8  __main.o(!!!main)
    __scatterload                            0x000000d5   Thumb Code     0  __scatter.o(!!!scatter)
    __scatterload_rt2                        0x000000d5   Thumb Code    44  __scatter.o(!!!scatter)
    __scatterload_rt2_thumb_only             0x000000d5   Thumb Code     0  __scatter.o(!!!scatter)
    __scatterload_null                       0x000000e3   Thumb Code     0  __scatter.o(!!!scatter)
    __scatterload_copy                       0x00000109   Thumb Code    26  __scatter_copy.o(!!handler_copy)
    __scatterload_zeroinit                   0x00000125   Thumb Code    28  __scatter_zi.o(!!handler_zi)
    __rt_lib_init                            0x00000141   Thumb Code     0  libinit.o(.ARM.Collect$$libinit$$00000000)
    __rt_lib_init_alloca_1                   0x00000143   Thumb Code     0  libinit2.o(.ARM.Collect$$libinit$$0000002C)
    __rt_lib_init_argv_1                     0x00000143   Thumb Code     0  libinit2.o(.ARM.Collect$$libinit$$0000002A)
    __rt_lib_init_atexit_1                   0x00000143   Thumb Code     0  libinit2.o(.ARM.Collect$$libinit$$00000019)
    __rt_lib_init_clock_1                    0x00000143   Thumb Code     0  libinit2.o(.ARM.Collect$$libinit$$0000001F)
    __rt_lib_init_cpp_1                      0x00000143   Thumb Code     0  libinit2.o(.ARM.Collect$$libinit$$00000030)
    __rt_lib_init_exceptions_1               0x00000143   Thumb Code     0  libinit2.o(.ARM.Collect$$libinit$$0000002E)
    __rt_lib_init_fp_1                       0x00000143   Thumb Code     0  libinit2.o(.ARM.Collect$$libinit$$00000002)
    __rt_lib_init_fp_trap_1                  0x00000143   Thumb Code     0  libinit2.o(.ARM.Collect$$libinit$$0000001D)
    __rt_lib_init_getenv_1                   0x00000143   Thumb Code     0  libinit2.o(.ARM.Collect$$libinit$$00000021)
    __rt_lib_init_heap_1                     0x00000143   Thumb Code     0  libinit2.o(.ARM.Collect$$libinit$$00000008)
    __rt_lib_init_lc_collate_1               0x00000143   Thumb Code     0  libinit2.o(.ARM.Collect$$libinit$$0000000F)
    __rt_lib_init_lc_ctype_1                 0x00000143   Thumb Code     0  libinit2.o(.ARM.Collect$$libinit$$00000011)
    __rt_lib_init_lc_monetary_1              0x00000143   Thumb Code     0  libinit2.o(.ARM.Collect$$libinit$$00000013)
    __rt_lib_init_lc_numeric_1               0x00000143   Thumb Code     0  libinit2.o(.ARM.Collect$$libinit$$00000015)
    __rt_lib_init_lc_time_1                  0x00000143   Thumb Code     0  libinit2.o(.ARM.Collect$$libinit$$00000017)
    __rt_lib_init_rand_1                     0x00000143   Thumb Code     0  libinit2.o(.ARM.Collect$$libinit$$0000000C)
    __rt_lib_init_return                     0x00000143   Thumb Code     0  libinit2.o(.ARM.Collect$$libinit$$00000031)
    __rt_lib_init_signal_1                   0x00000143   Thumb Code     0  libinit2.o(.ARM.Collect$$libinit$$0000001B)
    __rt_lib_init_stdio_1                    0x00000143   Thumb Code     0  libinit2.o(.ARM.Collect$$libinit$$00000023)
    __rt_lib_init_user_alloc_1               0x00000143   Thumb Code     0  libinit2.o(.ARM.Collect$$libinit$$0000000A)
    __rt_lib_shutdown                        0x00000145   Thumb Code     0  libshutdown.o(.ARM.Collect$$libshutdown$$00000000)
    __rt_lib_shutdown_fp_trap_1              0x00000147   Thumb Code     0  libshutdown2.o(.ARM.Collect$$libshutdown$$00000006)
    __rt_lib_shutdown_heap_1                 0x00000147   Thumb Code     0  libshutdown2.o(.ARM.Collect$$libshutdown$$0000000E)
    __rt_lib_shutdown_return                 0x00000147   Thumb Code     0  libshutdown2.o(.ARM.Collect$$libshutdown$$0000000F)
    __rt_lib_shutdown_signal_1               0x00000147   Thumb Code     0  libshutdown2.o(.ARM.Collect$$libshutdown$$00000009)
    __rt_lib_shutdown_stdio_1                0x00000147   Thumb Code     0  libshutdown2.o(.ARM.Collect$$libshutdown$$00000003)
    __rt_lib_shutdown_user_alloc_1           0x00000147   Thumb Code     0  libshutdown2.o(.ARM.Collect$$libshutdown$$0000000B)
    __rt_entry                               0x00000149   Thumb Code     0  rtentry.o(.ARM.Collect$$rtentry$$00000000)
    __rt_entry_presh_1                       0x00000149   Thumb Code     0  rtentry2.o(.ARM.Collect$$rtentry$$00000002)
    __rt_entry_sh                            0x00000149   Thumb Code     0  rtentry4.o(.ARM.Collect$$rtentry$$00000004)
    __rt_entry_li                            0x0000014f   Thumb Code     0  rtentry2.o(.ARM.Collect$$rtentry$$0000000A)
    __rt_entry_postsh_1                      0x0000014f   Thumb Code     0  rtentry2.o(.ARM.Collect$$rtentry$$00000009)
    __rt_entry_main                          0x00000153   Thumb Code     0  rtentry2.o(.ARM.Collect$$rtentry$$0000000D)
    __rt_entry_postli_1                      0x00000153   Thumb Code     0  rtentry2.o(.ARM.Collect$$rtentry$$0000000C)
    __rt_exit                                0x0000015b   Thumb Code     0  rtexit.o(.ARM.Collect$$rtexit$$00000000)
    __rt_exit_ls                             0x0000015d   Thumb Code     0  rtexit2.o(.ARM.Collect$$rtexit$$00000003)
    __rt_exit_prels_1                        0x0000015d   Thumb Code     0  rtexit2.o(.ARM.Collect$$rtexit$$00000002)
    __rt_exit_exit                           0x00000161   Thumb Code     0  rtexit2.o(.ARM.Collect$$rtexit$$00000004)
    Reset_Handler                            0x00000169   Thumb Code     8  startup_lpc17xx.o(.text)
    NMI_Handler                              0x00000171   Thumb Code     2  startup_lpc17xx.o(.text)
    HardFault_Handler                        0x00000173   Thumb Code     2  startup_lpc17xx.o(.text)
    MemManage_Handler                        0x00000175   Thumb Code     2  startup_lpc17xx.o(.text)
    BusFault_Handler                         0x00000177   Thumb Code     2  startup_lpc17xx.o(.text)
    UsageFault_Handler                       0x00000179   Thumb Code     2  startup_lpc17xx.o(.text)
    SVC_Handler                              0x0000017b   Thumb Code     2  startup_lpc17xx.o(.text)
    DebugMon_Handler                         0x0000017d   Thumb Code     2  startup_lpc17xx.o(.text)
    PendSV_Handler                           0x0000017f   Thumb Code     2  startup_lpc17xx.o(.text)
    SysTick_Handler                          0x00000181   Thumb Code     2  startup_lpc17xx.o(.text)
    ADC_IRQHandler                           0x00000183   Thumb Code     0  startup_lpc17xx.o(.text)
    BOD_IRQHandler                           0x00000183   Thumb Code     0  startup_lpc17xx.o(.text)
    CANActivity_IRQHandler                   0x00000183   Thumb Code     0  startup_lpc17xx.o(.text)
    CAN_IRQHandler                           0x00000183   Thumb Code     0  startup_lpc17xx.o(.text)
    DMA_IRQHandler                           0x00000183   Thumb Code     0  startup_lpc17xx.o(.text)
    EINT0_IRQHandler                         0x00000183   Thumb Code     0  startup_lpc17xx.o(.text)
    EINT1_IRQHandler                         0x00000183   Thumb Code     0  startup_lpc17xx.o(.text)
    EINT2_IRQHandler                         0x00000183   Thumb Code     0  startup_lpc17xx.o(.text)
    EINT3_IRQHandler                         0x00000183   Thumb Code     0  startup_lpc17xx.o(.text)
    ENET_IRQHandler                          0x00000183   Thumb Code     0  startup_lpc17xx.o(.text)
    I2C0_IRQHandler                          0x00000183   Thumb Code     0  startup_lpc17xx.o(.text)
    I2C1_IRQHandler                          0x00000183   Thumb Code     0  startup_lpc17xx.o(.text)
    I2C2_IRQHandler                          0x00000183   Thumb Code     0  startup_lpc17xx.o(.text)
    I2S_IRQHandler                           0x00000183   Thumb Code     0  startup_lpc17xx.o(.text)
    MCPWM_IRQHandler                         0x00000183   Thumb Code     0  startup_lpc17xx.o(.text)
    PLL0_IRQHandler                          0x00000183   Thumb Code     0  startup_lpc17xx.o(.text)
    PLL1_IRQHandler                          0x00000183   Thumb Code     0  startup_lpc17xx.o(.text)
    PWM1_IRQHandler                          0x00000183   Thumb Code     0  startup_lpc17xx.o(.text)
    QEI_IRQHandler                           0x00000183   Thumb Code     0  startup_lpc17xx.o(.text)
    RIT_IRQHandler                           0x00000183   Thumb Code     0  startup_lpc17xx.o(.text)
    RTC_IRQHandler                           0x00000183   Thumb Code     0  startup_lpc17xx.o(.text)
    SPI_IRQHandler                           0x00000183   Thumb Code     0  startup_lpc17xx.o(.text)
    SSP0_IRQHandler                          0x00000183   Thumb Code     0  startup_lpc17xx.o(.text)
    SSP1_IRQHandler                          0x00000183   Thumb Code     0  startup_lpc17xx.o(.text)
    TIMER0_IRQHandler                        0x00000183   Thumb Code     0  startup_lpc17xx.o(.text)
    TIMER2_IRQHandler                        0x00000183   Thumb Code     0  startup_lpc17xx.o(.text)
    TIMER3_IRQHandler                        0x00000183   Thumb Code     0  startup_lpc17xx.o(.text)
    UART1_IRQHandler                         0x00000183   Thumb Code     0  startup_lpc17xx.o(.text)
    UART2_IRQHandler                         0x00000183   Thumb Code     0  startup_lpc17xx.o(.text)
    UART3_IRQHandler                         0x00000183   Thumb Code     0  startup_lpc17xx.o(.text)
    USBActivity_IRQHandler                   0x00000183   Thumb Code     0  startup_lpc17xx.o(.text)
    USB_IRQHandler                           0x00000183   Thumb Code     0  startup_lpc17xx.o(.text)
    WDT_IRQHandler                           0x00000183   Thumb Code     0  startup_lpc17xx.o(.text)
    __user_initial_stackheap                 0x00000185   Thumb Code     0  startup_lpc17xx.o(.text)
    config_Timers                            0x000001a5   Thumb Code   192  timer.o(.text)
    __use_two_region_memory                  0x00000285   Thumb Code     2  heapauxi.o(.text)
    __rt_heap_escrow$2region                 0x00000287   Thumb Code     2  heapauxi.o(.text)
    __rt_heap_expand$2region                 0x00000289   Thumb Code     2  heapauxi.o(.text)
    __read_errno                             0x0000028b   Thumb Code    10  _rserrno.o(.text)
    __set_errno                              0x00000295   Thumb Code    12  _rserrno.o(.text)
    __aeabi_errno_addr                       0x000002a1   Thumb Code     8  rt_errno_addr_intlibspace.o(.text)
    __errno$intlibspace                      0x000002a1   Thumb Code     0  rt_errno_addr_intlibspace.o(.text)
    __rt_errno_addr$intlibspace              0x000002a1   Thumb Code     0  rt_errno_addr_intlibspace.o(.text)
    __user_libspace                          0x000002a9   Thumb Code     8  libspace.o(.text)
    __user_perproc_libspace                  0x000002a9   Thumb Code     0  libspace.o(.text)
    __user_perthread_libspace                0x000002a9   Thumb Code     0  libspace.o(.text)
    __user_setup_stackheap                   0x000002b1   Thumb Code    74  sys_stackheap_outer.o(.text)
    __I$use$semihosting                      0x000002fb   Thumb Code     0  use_no_semi.o(.text)
    __use_no_semihosting_swi                 0x000002fb   Thumb Code     2  use_no_semi.o(.text)
    SystemCoreClockUpdate                    0x00000301   Thumb Code   424  system_lpc17xx.o(.text)
    SystemInit                               0x000004a9   Thumb Code   290  system_lpc17xx.o(.text)
    TIMER1_IRQHandler                        0x00000619   Thumb Code    20  main.o(.text)
    act_odom                                 0x0000062d   Thumb Code   520  main.o(.text)
    main                                     0x00000835   Thumb Code  2080  main.o(.text)
    init_pwm                                 0x00001071   Thumb Code   138  funciones_pwm.o(.text)
    PWM2_SetDuty                             0x000010fb   Thumb Code   144  funciones_pwm.o(.text)
    PWM3_SetDuty                             0x0000118b   Thumb Code   144  funciones_pwm.o(.text)
    funcion_comunicacion                     0x00001245   Thumb Code   860  comunicacion.o(.text)
    UART0_IRQHandler                         0x000015e5   Thumb Code   116  uart.o(.text)
    tx_cadena_UART0                          0x00001659   Thumb Code    32  uart.o(.text)
    uart0_init                               0x00001773   Thumb Code    70  uart.o(.text)
    __aeabi_uldivmod                         0x000017e1   Thumb Code     0  lludivv7m.o(.text)
    _ll_udiv                                 0x000017e1   Thumb Code   238  lludivv7m.o(.text)
    exit                                     0x000018cf   Thumb Code    12  exit.o(.text)
    _sys_exit                                0x000018dd   Thumb Code     8  sys_exit.o(.text)
    __ARM_fpclassify                         0x000018e9   Thumb Code    40  fpclassify.o(i.__ARM_fpclassify)
    __semihosting_library_function           0x000018e9   Thumb Code     0  indicate_semi.o(.text)
    __ARM_fpclassifyf                        0x00001911   Thumb Code    38  fpclassifyf.o(i.__ARM_fpclassifyf)
    __kernel_poly                            0x00001937   Thumb Code   170  poly.o(i.__kernel_poly)
    __mathlib_dbl_underflow                  0x000019e1   Thumb Code    10  dunder.o(i.__mathlib_dbl_underflow)
    __mathlib_flt_underflow                  0x000019f1   Thumb Code    10  funder.o(i.__mathlib_flt_underflow)
    __mathlib_rredf2                         0x000019fd   Thumb Code   326  rredf.o(i.__mathlib_rredf2)
    atan                                     0x00001b55   Thumb Code   478  atan.o(i.atan)
    cosf                                     0x00001d79   Thumb Code   332  cosf.o(i.cosf)
    sinf                                     0x00001ef9   Thumb Code   342  sinf.o(i.sinf)
    sqrt                                     0x00002085   Thumb Code    76  sqrt.o(i.sqrt)
    __aeabi_d2f                              0x000020d1   Thumb Code     0  d2f.o(x$fpl$d2f)
    _d2f                                     0x000020d1   Thumb Code    98  d2f.o(x$fpl$d2f)
    __aeabi_dadd                             0x00002135   Thumb Code     0  daddsub_clz.o(x$fpl$dadd)
    _dadd                                    0x00002135   Thumb Code   332  daddsub_clz.o(x$fpl$dadd)
    __fpl_dcheck_NaN1                        0x00002285   Thumb Code    10  dcheck1.o(x$fpl$dcheck1)
    __fpl_dcmp_Inf                           0x00002295   Thumb Code    24  dcmpi.o(x$fpl$dcmpinf)
    __aeabi_ddiv                             0x000022ad   Thumb Code     0  ddiv.o(x$fpl$ddiv)
    _ddiv                                    0x000022ad   Thumb Code   552  ddiv.o(x$fpl$ddiv)
    __aeabi_d2iz                             0x0000255d   Thumb Code     0  dfix.o(x$fpl$dfix)
    _dfix                                    0x0000255d   Thumb Code    94  dfix.o(x$fpl$dfix)
    __aeabi_i2d                              0x000025bb   Thumb Code     0  dflt_clz.o(x$fpl$dflt)
    _dflt                                    0x000025bb   Thumb Code    46  dflt_clz.o(x$fpl$dflt)
    __aeabi_ui2d                             0x000025e9   Thumb Code     0  dflt_clz.o(x$fpl$dfltu)
    _dfltu                                   0x000025e9   Thumb Code    38  dflt_clz.o(x$fpl$dfltu)
    __aeabi_cdcmple                          0x00002611   Thumb Code     0  dleqf.o(x$fpl$dleqf)
    _dcmple                                  0x00002611   Thumb Code   120  dleqf.o(x$fpl$dleqf)
    __fpl_dcmple_InfNaN                      0x00002673   Thumb Code     0  dleqf.o(x$fpl$dleqf)
    __aeabi_dmul                             0x00002689   Thumb Code     0  dmul.o(x$fpl$dmul)
    _dmul                                    0x00002689   Thumb Code   332  dmul.o(x$fpl$dmul)
    __fpl_dnaninf                            0x000027dd   Thumb Code   156  dnaninf.o(x$fpl$dnaninf)
    __fpl_dretinf                            0x00002879   Thumb Code    12  dretinf.o(x$fpl$dretinf)
    __aeabi_cdrcmple                         0x00002885   Thumb Code     0  drleqf.o(x$fpl$drleqf)
    _drcmple                                 0x00002885   Thumb Code   108  drleqf.o(x$fpl$drleqf)
    __aeabi_drsub                            0x000028f1   Thumb Code     0  daddsub_clz.o(x$fpl$drsb)
    _drsb                                    0x000028f1   Thumb Code    22  daddsub_clz.o(x$fpl$drsb)
    _dsqrt                                   0x00002909   Thumb Code   456  dsqrt_noumaal.o(x$fpl$dsqrt)
    __aeabi_dsub                             0x00002ad5   Thumb Code     0  daddsub_clz.o(x$fpl$dsub)
    _dsub                                    0x00002ad5   Thumb Code   464  daddsub_clz.o(x$fpl$dsub)
    __aeabi_f2d                              0x00002ca9   Thumb Code     0  f2d.o(x$fpl$f2d)
    _f2d                                     0x00002ca9   Thumb Code    86  f2d.o(x$fpl$f2d)
    __aeabi_fadd                             0x00002d01   Thumb Code     0  faddsub_clz.o(x$fpl$fadd)
    _fadd                                    0x00002d01   Thumb Code   196  faddsub_clz.o(x$fpl$fadd)
    __fpl_fcheck_NaN1                        0x00002dc5   Thumb Code     6  fcheck1.o(x$fpl$fcheck1)
    __fpl_fcmp_Inf                           0x00002dd1   Thumb Code    24  fcmpi.o(x$fpl$fcmpinf)
    __aeabi_fdiv                             0x00002de9   Thumb Code     0  fdiv.o(x$fpl$fdiv)
    _fdiv                                    0x00002de9   Thumb Code   384  fdiv.o(x$fpl$fdiv)
    __aeabi_f2iz                             0x00002f6d   Thumb Code     0  ffix.o(x$fpl$ffix)
    _ffix                                    0x00002f6d   Thumb Code    54  ffix.o(x$fpl$ffix)
    __aeabi_f2uiz                            0x00002fa5   Thumb Code     0  ffixu.o(x$fpl$ffixu)
    _ffixu                                   0x00002fa5   Thumb Code    62  ffixu.o(x$fpl$ffixu)
    __aeabi_i2f                              0x00002fe5   Thumb Code     0  fflt_clz.o(x$fpl$fflt)
    _fflt                                    0x00002fe5   Thumb Code    48  fflt_clz.o(x$fpl$fflt)
    __aeabi_ui2f                             0x00003015   Thumb Code     0  fflt_clz.o(x$fpl$ffltu)
    _ffltu                                   0x00003015   Thumb Code    38  fflt_clz.o(x$fpl$ffltu)
    __aeabi_cfcmple                          0x0000303d   Thumb Code     0  fleqf.o(x$fpl$fleqf)
    _fcmple                                  0x0000303d   Thumb Code   104  fleqf.o(x$fpl$fleqf)
    __fpl_fcmple_InfNaN                      0x0000308f   Thumb Code     0  fleqf.o(x$fpl$fleqf)
    __aeabi_fmul                             0x000030a5   Thumb Code     0  fmul.o(x$fpl$fmul)
    _fmul                                    0x000030a5   Thumb Code   258  fmul.o(x$fpl$fmul)
    __fpl_fnaninf                            0x000031a7   Thumb Code   140  fnaninf.o(x$fpl$fnaninf)
    __fpl_fretinf                            0x00003233   Thumb Code    10  fretinf.o(x$fpl$fretinf)
    __aeabi_cfrcmple                         0x0000323d   Thumb Code     0  frleqf.o(x$fpl$frleqf)
    _frcmple                                 0x0000323d   Thumb Code    98  frleqf.o(x$fpl$frleqf)
    _frnd                                    0x000032a1   Thumb Code    96  frnd.o(x$fpl$frnd)
    __aeabi_frsub                            0x00003301   Thumb Code     0  faddsub_clz.o(x$fpl$frsb)
    _frsb                                    0x00003301   Thumb Code    20  faddsub_clz.o(x$fpl$frsb)
    __aeabi_fsub                             0x00003315   Thumb Code     0  faddsub_clz.o(x$fpl$fsub)
    _fsub                                    0x00003315   Thumb Code   234  faddsub_clz.o(x$fpl$fsub)
    __fpl_return_NaN                         0x000033ff   Thumb Code   100  retnan.o(x$fpl$retnan)
    __ARM_scalbn                             0x00003463   Thumb Code    92  scalbn.o(x$fpl$scalbn)
    __ARM_scalbnf                            0x000034bf   Thumb Code    76  scalbnf.o(x$fpl$scalbnf)
    __fpl_cmpreturn                          0x0000350b   Thumb Code    48  trapv.o(x$fpl$trapveneer)
    __I$use$fp                               0x0000353a   Number         0  usenofp.o(x$fpl$usenofp)
    Region$$Table$$Base                      0x000035f8   Number         0  anon$$obj.o(Region$$Table)
    Region$$Table$$Limit                     0x00003618   Number         0  anon$$obj.o(Region$$Table)
    SystemCoreClock                          0x10000000   Data           4  system_lpc17xx.o(.data)
    ang_encare                               0x10000004   Data           4  main.o(.data)
    avance_total                             0x10000008   Data           4  main.o(.data)
    f_uart                                   0x1000000c   Data           1  main.o(.data)
    flag_ok                                  0x10000010   Data           4  main.o(.data)
    timer                                    0x10000014   Data           4  main.o(.data)
    DIR_I                                    0x10000018   Data           4  main.o(.data)
    DIR_D                                    0x1000001c   Data           4  main.o(.data)
    TC                                       0x10000020   Data           8  main.o(.data)
    ptr_rx                                   0x10000028   Data           4  comunicacion.o(.data)
    rx_completa                              0x1000002c   Data           1  comunicacion.o(.data)
    ptr_tx                                   0x10000030   Data           4  comunicacion.o(.data)
    tx_completa                              0x10000034   Data           1  comunicacion.o(.data)
    pos_actual                               0x10000038   Data          12  main.o(.bss)
    pos_final                                0x10000044   Data          12  main.o(.bss)
    buffer                                   0x10000050   Data          30  comunicacion.o(.bss)
    __libspace_start                         0x10000070   Data          96  libspace.o(.bss)
    __temporary_stack_top$libspace           0x100000d0   Data           0  libspace.o(.bss)



==============================================================================

Memory Map of the image

  Image Entry point : 0x00000169

  Load Region LR_1 (Base: 0x00000000, Size: 0x00003650, Max: 0xffffffff, ABSOLUTE)

    Execution Region ER_RO (Base: 0x00000000, Size: 0x00003618, Max: 0xffffffff, ABSOLUTE)

    Base Addr    Size         Type   Attr      Idx    E Section Name        Object

    0x00000000   0x000000cc   Data   RO            3    RESET               startup_lpc17xx.o
    0x000000cc   0x00000008   Code   RO          215  * !!!main             c_w.l(__main.o)
    0x000000d4   0x00000034   Code   RO          522    !!!scatter          c_w.l(__scatter.o)
    0x00000108   0x0000001a   Code   RO          524    !!handler_copy      c_w.l(__scatter_copy.o)
    0x00000122   0x00000002   PAD
    0x00000124   0x0000001c   Code   RO          526    !!handler_zi        c_w.l(__scatter_zi.o)
    0x00000140   0x00000002   Code   RO          394    .ARM.Collect$$libinit$$00000000  c_w.l(libinit.o)
    0x00000142   0x00000000   Code   RO          406    .ARM.Collect$$libinit$$00000002  c_w.l(libinit2.o)
    0x00000142   0x00000000   Code   RO          409    .ARM.Collect$$libinit$$00000008  c_w.l(libinit2.o)
    0x00000142   0x00000000   Code   RO          411    .ARM.Collect$$libinit$$0000000A  c_w.l(libinit2.o)
    0x00000142   0x00000000   Code   RO          413    .ARM.Collect$$libinit$$0000000C  c_w.l(libinit2.o)
    0x00000142   0x00000000   Code   RO          416    .ARM.Collect$$libinit$$0000000F  c_w.l(libinit2.o)
    0x00000142   0x00000000   Code   RO          418    .ARM.Collect$$libinit$$00000011  c_w.l(libinit2.o)
    0x00000142   0x00000000   Code   RO          420    .ARM.Collect$$libinit$$00000013  c_w.l(libinit2.o)
    0x00000142   0x00000000   Code   RO          422    .ARM.Collect$$libinit$$00000015  c_w.l(libinit2.o)
    0x00000142   0x00000000   Code   RO          424    .ARM.Collect$$libinit$$00000017  c_w.l(libinit2.o)
    0x00000142   0x00000000   Code   RO          426    .ARM.Collect$$libinit$$00000019  c_w.l(libinit2.o)
    0x00000142   0x00000000   Code   RO          428    .ARM.Collect$$libinit$$0000001B  c_w.l(libinit2.o)
    0x00000142   0x00000000   Code   RO          430    .ARM.Collect$$libinit$$0000001D  c_w.l(libinit2.o)
    0x00000142   0x00000000   Code   RO          432    .ARM.Collect$$libinit$$0000001F  c_w.l(libinit2.o)
    0x00000142   0x00000000   Code   RO          434    .ARM.Collect$$libinit$$00000021  c_w.l(libinit2.o)
    0x00000142   0x00000000   Code   RO          436    .ARM.Collect$$libinit$$00000023  c_w.l(libinit2.o)
    0x00000142   0x00000000   Code   RO          440    .ARM.Collect$$libinit$$0000002A  c_w.l(libinit2.o)
    0x00000142   0x00000000   Code   RO          442    .ARM.Collect$$libinit$$0000002C  c_w.l(libinit2.o)
    0x00000142   0x00000000   Code   RO          444    .ARM.Collect$$libinit$$0000002E  c_w.l(libinit2.o)
    0x00000142   0x00000000   Code   RO          446    .ARM.Collect$$libinit$$00000030  c_w.l(libinit2.o)
    0x00000142   0x00000002   Code   RO          447    .ARM.Collect$$libinit$$00000031  c_w.l(libinit2.o)
    0x00000144   0x00000002   Code   RO          480    .ARM.Collect$$libshutdown$$00000000  c_w.l(libshutdown.o)
    0x00000146   0x00000000   Code   RO          507    .ARM.Collect$$libshutdown$$00000003  c_w.l(libshutdown2.o)
    0x00000146   0x00000000   Code   RO          510    .ARM.Collect$$libshutdown$$00000006  c_w.l(libshutdown2.o)
    0x00000146   0x00000000   Code   RO          513    .ARM.Collect$$libshutdown$$00000009  c_w.l(libshutdown2.o)
    0x00000146   0x00000000   Code   RO          515    .ARM.Collect$$libshutdown$$0000000B  c_w.l(libshutdown2.o)
    0x00000146   0x00000000   Code   RO          518    .ARM.Collect$$libshutdown$$0000000E  c_w.l(libshutdown2.o)
    0x00000146   0x00000002   Code   RO          519    .ARM.Collect$$libshutdown$$0000000F  c_w.l(libshutdown2.o)
    0x00000148   0x00000000   Code   RO          307    .ARM.Collect$$rtentry$$00000000  c_w.l(rtentry.o)
    0x00000148   0x00000000   Code   RO          353    .ARM.Collect$$rtentry$$00000002  c_w.l(rtentry2.o)
    0x00000148   0x00000006   Code   RO          365    .ARM.Collect$$rtentry$$00000004  c_w.l(rtentry4.o)
    0x0000014e   0x00000000   Code   RO          355    .ARM.Collect$$rtentry$$00000009  c_w.l(rtentry2.o)
    0x0000014e   0x00000004   Code   RO          356    .ARM.Collect$$rtentry$$0000000A  c_w.l(rtentry2.o)
    0x00000152   0x00000000   Code   RO          358    .ARM.Collect$$rtentry$$0000000C  c_w.l(rtentry2.o)
    0x00000152   0x00000008   Code   RO          359    .ARM.Collect$$rtentry$$0000000D  c_w.l(rtentry2.o)
    0x0000015a   0x00000002   Code   RO          397    .ARM.Collect$$rtexit$$00000000  c_w.l(rtexit.o)
    0x0000015c   0x00000000   Code   RO          453    .ARM.Collect$$rtexit$$00000002  c_w.l(rtexit2.o)
    0x0000015c   0x00000004   Code   RO          454    .ARM.Collect$$rtexit$$00000003  c_w.l(rtexit2.o)
    0x00000160   0x00000006   Code   RO          455    .ARM.Collect$$rtexit$$00000004  c_w.l(rtexit2.o)
    0x00000166   0x00000002   PAD
    0x00000168   0x0000003c   Code   RO            5  * .text               startup_lpc17xx.o
    0x000001a4   0x000000e0   Code   RO          130    .text               timer.o
    0x00000284   0x00000006   Code   RO          213    .text               c_w.l(heapauxi.o)
    0x0000028a   0x00000016   Code   RO          312    .text               c_w.l(_rserrno.o)
    0x000002a0   0x00000008   Code   RO          372    .text               c_w.l(rt_errno_addr_intlibspace.o)
    0x000002a8   0x00000008   Code   RO          378    .text               c_w.l(libspace.o)
    0x000002b0   0x0000004a   Code   RO          381    .text               c_w.l(sys_stackheap_outer.o)
    0x000002fa   0x00000002   Code   RO          469    .text               c_w.l(use_no_semi.o)
    0x000002fc   0x00000004   Code   RO            4    .ARM.__at_0x02FC    startup_lpc17xx.o
    0x00000300   0x00000318   Code   RO           15    .text               system_lpc17xx.o
    0x00000618   0x00000a58   Code   RO           58    .text               main.o
    0x00001070   0x000001d4   Code   RO          110    .text               funciones_pwm.o
    0x00001244   0x000003a0   Code   RO          154    .text               comunicacion.o
    0x000015e4   0x000001fc   Code   RO          183    .text               uart.o
    0x000017e0   0x000000ee   Code   RO          211    .text               c_w.l(lludivv7m.o)
    0x000018ce   0x0000000c   Code   RO          383    .text               c_w.l(exit.o)
    0x000018da   0x00000002   PAD
    0x000018dc   0x0000000c   Code   RO          450    .text               c_w.l(sys_exit.o)
    0x000018e8   0x00000000   Code   RO          471    .text               c_w.l(indicate_semi.o)
    0x000018e8   0x00000028   Code   RO          341    i.__ARM_fpclassify  m_ws.l(fpclassify.o)
    0x00001910   0x00000026   Code   RO          343    i.__ARM_fpclassifyf  m_ws.l(fpclassifyf.o)
    0x00001936   0x000000aa   Code   RO          347    i.__kernel_poly     m_ws.l(poly.o)
    0x000019e0   0x00000010   Code   RO          339    i.__mathlib_dbl_underflow  m_ws.l(dunder.o)
    0x000019f0   0x0000000a   Code   RO          345    i.__mathlib_flt_underflow  m_ws.l(funder.o)
    0x000019fa   0x00000002   PAD
    0x000019fc   0x00000158   Code   RO          349    i.__mathlib_rredf2  m_ws.l(rredf.o)
    0x00001b54   0x00000224   Code   RO          274    i.atan              m_ws.l(atan.o)
    0x00001d78   0x00000180   Code   RO          284    i.cosf              m_ws.l(cosf.o)
    0x00001ef8   0x0000018c   Code   RO          292    i.sinf              m_ws.l(sinf.o)
    0x00002084   0x0000004c   Code   RO          300    i.sqrt              m_ws.l(sqrt.o)
    0x000020d0   0x00000062   Code   RO          217    x$fpl$d2f           fz_ws.l(d2f.o)
    0x00002132   0x00000002   PAD
    0x00002134   0x00000150   Code   RO          219    x$fpl$dadd          fz_ws.l(daddsub_clz.o)
    0x00002284   0x00000010   Code   RO          374    x$fpl$dcheck1       fz_ws.l(dcheck1.o)
    0x00002294   0x00000018   Code   RO          314    x$fpl$dcmpinf       fz_ws.l(dcmpi.o)
    0x000022ac   0x000002b0   Code   RO          226    x$fpl$ddiv          fz_ws.l(ddiv.o)
    0x0000255c   0x0000005e   Code   RO          229    x$fpl$dfix          fz_ws.l(dfix.o)
    0x000025ba   0x0000002e   Code   RO          234    x$fpl$dflt          fz_ws.l(dflt_clz.o)
    0x000025e8   0x00000026   Code   RO          233    x$fpl$dfltu         fz_ws.l(dflt_clz.o)
    0x0000260e   0x00000002   PAD
    0x00002610   0x00000078   Code   RO          239    x$fpl$dleqf         fz_ws.l(dleqf.o)
    0x00002688   0x00000154   Code   RO          241    x$fpl$dmul          fz_ws.l(dmul.o)
    0x000027dc   0x0000009c   Code   RO          316    x$fpl$dnaninf       fz_ws.l(dnaninf.o)
    0x00002878   0x0000000c   Code   RO          318    x$fpl$dretinf       fz_ws.l(dretinf.o)
    0x00002884   0x0000006c   Code   RO          243    x$fpl$drleqf        fz_ws.l(drleqf.o)
    0x000028f0   0x00000016   Code   RO          220    x$fpl$drsb          fz_ws.l(daddsub_clz.o)
    0x00002906   0x00000002   PAD
    0x00002908   0x000001cc   Code   RO          320    x$fpl$dsqrt         fz_ws.l(dsqrt_noumaal.o)
    0x00002ad4   0x000001d4   Code   RO          221    x$fpl$dsub          fz_ws.l(daddsub_clz.o)
    0x00002ca8   0x00000056   Code   RO          245    x$fpl$f2d           fz_ws.l(f2d.o)
    0x00002cfe   0x00000002   PAD
    0x00002d00   0x000000c4   Code   RO          247    x$fpl$fadd          fz_ws.l(faddsub_clz.o)
    0x00002dc4   0x0000000c   Code   RO          376    x$fpl$fcheck1       fz_ws.l(fcheck1.o)
    0x00002dd0   0x00000018   Code   RO          322    x$fpl$fcmpinf       fz_ws.l(fcmpi.o)
    0x00002de8   0x00000184   Code   RO          254    x$fpl$fdiv          fz_ws.l(fdiv.o)
    0x00002f6c   0x00000036   Code   RO          324    x$fpl$ffix          fz_ws.l(ffix.o)
    0x00002fa2   0x00000002   PAD
    0x00002fa4   0x0000003e   Code   RO          257    x$fpl$ffixu         fz_ws.l(ffixu.o)
    0x00002fe2   0x00000002   PAD
    0x00002fe4   0x00000030   Code   RO          262    x$fpl$fflt          fz_ws.l(fflt_clz.o)
    0x00003014   0x00000026   Code   RO          261    x$fpl$ffltu         fz_ws.l(fflt_clz.o)
    0x0000303a   0x00000002   PAD
    0x0000303c   0x00000068   Code   RO          267    x$fpl$fleqf         fz_ws.l(fleqf.o)
    0x000030a4   0x00000102   Code   RO          269    x$fpl$fmul          fz_ws.l(fmul.o)
    0x000031a6   0x0000008c   Code   RO          328    x$fpl$fnaninf       fz_ws.l(fnaninf.o)
    0x00003232   0x0000000a   Code   RO          330    x$fpl$fretinf       fz_ws.l(fretinf.o)
    0x0000323c   0x00000062   Code   RO          271    x$fpl$frleqf        fz_ws.l(frleqf.o)
    0x0000329e   0x00000002   PAD
    0x000032a0   0x00000060   Code   RO          332    x$fpl$frnd          fz_ws.l(frnd.o)
    0x00003300   0x00000014   Code   RO          248    x$fpl$frsb          fz_ws.l(faddsub_clz.o)
    0x00003314   0x000000ea   Code   RO          249    x$fpl$fsub          fz_ws.l(faddsub_clz.o)
    0x000033fe   0x00000064   Code   RO          395    x$fpl$retnan        fz_ws.l(retnan.o)
    0x00003462   0x0000005c   Code   RO          334    x$fpl$scalbn        fz_ws.l(scalbn.o)
    0x000034be   0x0000004c   Code   RO          336    x$fpl$scalbnf       fz_ws.l(scalbnf.o)
    0x0000350a   0x00000030   Code   RO          448    x$fpl$trapveneer    fz_ws.l(trapv.o)
    0x0000353a   0x00000000   Code   RO          338    x$fpl$usenofp       fz_ws.l(usenofp.o)
    0x0000353a   0x00000006   PAD
    0x00003540   0x00000098   Data   RO          275    .constdata          m_ws.l(atan.o)
    0x000035d8   0x00000020   Data   RO          350    .constdata          m_ws.l(rredf.o)
    0x000035f8   0x00000020   Data   RO          520    Region$$Table       anon$$obj.o


    Execution Region ER_RW (Base: 0x10000000, Size: 0x00000038, Max: 0xffffffff, ABSOLUTE)

    Base Addr    Size         Type   Attr      Idx    E Section Name        Object

    0x10000000   0x00000004   Data   RW           16    .data               system_lpc17xx.o
    0x10000004   0x00000024   Data   RW           60    .data               main.o
    0x10000028   0x0000000d   Data   RW          156    .data               comunicacion.o


    Execution Region ER_ZI (Base: 0x10000038, Size: 0x00000298, Max: 0xffffffff, ABSOLUTE)

    Base Addr    Size         Type   Attr      Idx    E Section Name        Object

    0x10000038   0x00000018   Zero   RW           59    .bss                main.o
    0x10000050   0x0000001e   Zero   RW          155    .bss                comunicacion.o
    0x1000006e   0x00000002   PAD
    0x10000070   0x00000060   Zero   RW          379    .bss                c_w.l(libspace.o)
    0x100000d0   0x00000000   Zero   RW            2    HEAP                startup_lpc17xx.o
    0x100000d0   0x00000200   Zero   RW            1    STACK               startup_lpc17xx.o


==============================================================================

Image component sizes


      Code (inc. data)   RO Data    RW Data    ZI Data      Debug   Object Name

       928         82          0         13         30       1702   comunicacion.o
       468         42          0          0          0        917   funciones_pwm.o
      2648        260          0         36         24      19721   main.o
        64         26        204          0        512        912   startup_lpc17xx.o
       792         78          0          4          0      21793   system_lpc17xx.o
       224         32          0          0          0      24151   timer.o
       508         40          0          0          0      25173   uart.o

    ----------------------------------------------------------------------
      5632        560        236         56        568      94369   Object Totals
         0          0         32          0          0          0   (incl. Generated)
         0          0          0          3          2          0   (incl. Padding)

    ----------------------------------------------------------------------

      Code (inc. data)   RO Data    RW Data    ZI Data      Debug   Library Member Name

         8          0          0          0          0         68   __main.o
        52          8          0          0          0          0   __scatter.o
        26          0          0          0          0          0   __scatter_copy.o
        28          0          0          0          0          0   __scatter_zi.o
        22          0          0          0          0        100   _rserrno.o
        12          0          0          0          0         72   exit.o
         6          0          0          0          0        152   heapauxi.o
         0          0          0          0          0          0   indicate_semi.o
         2          0          0          0          0          0   libinit.o
         2          0          0          0          0          0   libinit2.o
         2          0          0          0          0          0   libshutdown.o
         2          0          0          0          0          0   libshutdown2.o
         8          4          0          0         96         68   libspace.o
       238          0          0          0          0        100   lludivv7m.o
         8          4          0          0          0         68   rt_errno_addr_intlibspace.o
         0          0          0          0          0          0   rtentry.o
        12          0          0          0          0          0   rtentry2.o
         6          0          0          0          0          0   rtentry4.o
         2          0          0          0          0          0   rtexit.o
        10          0          0          0          0          0   rtexit2.o
        12          4          0          0          0         68   sys_exit.o
        74          0          0          0          0         80   sys_stackheap_outer.o
         2          0          0          0          0         68   use_no_semi.o
        98          4          0          0          0         92   d2f.o
       826         16          0          0          0        348   daddsub_clz.o
        16          4          0          0          0         68   dcheck1.o
        24          0          0          0          0         68   dcmpi.o
       688        140          0          0          0        208   ddiv.o
        94          4          0          0          0         92   dfix.o
        84          0          0          0          0        136   dflt_clz.o
       120          4          0          0          0         92   dleqf.o
       340         12          0          0          0        104   dmul.o
       156          4          0          0          0         92   dnaninf.o
        12          0          0          0          0         68   dretinf.o
       108          0          0          0          0         80   drleqf.o
       460         56          0          0          0        120   dsqrt_noumaal.o
        86          4          0          0          0         84   f2d.o
       450          8          0          0          0        236   faddsub_clz.o
        12          4          0          0          0         68   fcheck1.o
        24          0          0          0          0         68   fcmpi.o
       388         76          0          0          0         96   fdiv.o
        54          4          0          0          0         84   ffix.o
        62          4          0          0          0         84   ffixu.o
        86          0          0          0          0        136   fflt_clz.o
       104          4          0          0          0         84   fleqf.o
       258          4          0          0          0         84   fmul.o
       140          4          0          0          0         84   fnaninf.o
        10          0          0          0          0         68   fretinf.o
        98          0          0          0          0         68   frleqf.o
        96          4          0          0          0         76   frnd.o
       100          0          0          0          0         68   retnan.o
        92          0          0          0          0         68   scalbn.o
        76          0          0          0          0         68   scalbnf.o
        48          0          0          0          0         68   trapv.o
         0          0          0          0          0          0   usenofp.o
       548         70        152          0          0        124   atan.o
       384         52          0          0          0        112   cosf.o
        16          6          0          0          0         68   dunder.o
        40          0          0          0          0         68   fpclassify.o
        38          0          0          0          0         68   fpclassifyf.o
        10          0          0          0          0         68   funder.o
       170          0          0          0          0         96   poly.o
       344         18         32          0          0         88   rredf.o
       396         54          0          0          0        112   sinf.o
        76          0          0          0          0         84   sqrt.o

    ----------------------------------------------------------------------
      7796        580        184          0         96       4892   Library Totals
        30          0          0          0          0          0   (incl. Padding)

    ----------------------------------------------------------------------

      Code (inc. data)   RO Data    RW Data    ZI Data      Debug   Library Name

       534         20          0          0         96        844   c_w.l
      5210        360          0          0          0       3160   fz_ws.l
      2022        200        184          0          0        888   m_ws.l

    ----------------------------------------------------------------------
      7796        580        184          0         96       4892   Library Totals

    ----------------------------------------------------------------------

==============================================================================


      Code (inc. data)   RO Data    RW Data    ZI Data      Debug   

     13428       1140        420         56        664      95933   Grand Totals
     13428       1140        420         56        664      95933   ELF Image Totals
     13428       1140        420         56          0          0   ROM Totals

==============================================================================

    Total RO  Size (Code + RO Data)                13848 (  13.52kB)
    Total RW  Size (RW Data + ZI Data)               720 (   0.70kB)
    Total ROM Size (Code + RO Data + RW Data)      13904 (  13.58kB)

==============================================================================

