<html>
<body>
<pre>
<h1>µVision Build Log</h1>
<h2>Project:</h2>
C:\Users\Javier\Desktop\Scripteado-nivel-bajo\CODIGO VIEJO\Eurobot-2020-Backup-2\Eurobot-2020-Backup.uvproj
Project File Date:  02/08/2020

<h2>Output:</h2>
Rebuild target 'Simulator'
assembling startup_LPC17xx.s...
compiling system_LPC17xx.c...
compiling main.c...
main.c(345): warning:  #174-D: expression has no effect
main.c(346): warning:  #174-D: expression has no effect
compiling Eurouart.c...
compiling GLCD.c...
compiling AsciiLib.c...
compiling funciones_control.c...
compiling funciones_timer.c...
compiling configuraciones.c...
compiling funciones_pwm.c...
compiling funciones_desplazamiento.c...
linking...
Program Size: Code=14452 RO-data=380 RW-data=84 ZI-data=964  
".\Eurobot-2020-Backup.axf" - 0 Errors, 2 Warning(s).
Rebuild target 'Simulator'
assembling startup_LPC17xx.s...
compiling system_LPC17xx.c...
compiling main.c...
compiling Eurouart.c...
compiling GLCD.c...
compiling AsciiLib.c...
compiling funciones_control.c...
compiling funciones_timer.c...
compiling configuraciones.c...
compiling funciones_pwm.c...
compiling funciones_desplazamiento.c...
linking...
Program Size: Code=14452 RO-data=380 RW-data=84 ZI-data=964  
".\Eurobot-2020-Backup.axf" - 0 Errors, 0 Warning(s).
