<html>
<body>
<pre>
<h1>µVision Build Log</h1>
<h2>Project:</h2>
C:\Users\Javier\Desktop\Scripteado-nivel-bajo\ITERACION_1\Eurobot-2020-Iteracion-1\Eurobot-2020-Backup.uvproj
Project File Date:  02/11/2020

<h2>Output:</h2>
Rebuild target 'Simulator'
assembling startup_LPC17xx.s...
compiling system_LPC17xx.c...
compiling main.c...
compiling Eurouart.c...
compiling GLCD.c...
compiling AsciiLib.c...
compiling funciones_control.c...
compiling funciones_timer.c...
compiling configuraciones.c...
compiling funciones_pwm.c...
compiling funciones_desplazamiento.c...
linking...
.\Eurobot-2020-Backup.axf: Error: L6218E: Undefined symbol config_TIMER2 (referred from main.o).
.\Eurobot-2020-Backup.axf: Error: L6218E: Undefined symbol config_TIMER3 (referred from main.o).
".\Eurobot-2020-Backup.axf" - 2 Errors, 0 Warning(s).
Target not created
Rebuild target 'Simulator'
assembling startup_LPC17xx.s...
compiling system_LPC17xx.c...
compiling main.c...
compiling Eurouart.c...
compiling GLCD.c...
compiling AsciiLib.c...
compiling funciones_control.c...
compiling funciones_timer.c...
compiling configuraciones.c...
compiling funciones_pwm.c...
compiling funciones_desplazamiento.c...
linking...
Program Size: Code=20588 RO-data=844 RW-data=84 ZI-data=980  
".\Eurobot-2020-Backup.axf" - 0 Errors, 0 Warning(s).
Load "C:\\Users\\Javier\\Desktop\\Scripteado-nivel-bajo\\ITERACION_1\\Eurobot-2020-Iteracion-1\\Eurobot-2020-Backup.axf" 
Erase Done.
Programming Done.
Verify OK.
Load "C:\\Users\\Javier\\Desktop\\Scripteado-nivel-bajo\\ITERACION_1\\Eurobot-2020-Iteracion-1\\Eurobot-2020-Backup.axf" 
Erase Done.
Programming Done.
Verify OK.
